Component: ARM Compiler 5.06 update 7 (build 960) Tool: armlink [4d3601]

==============================================================================

Section Cross References

    main.o(.text) refers to misc.o(.text) for NVIC_Init
    main.o(.text) refers to stm32f10x_gpio.o(.text) for GPIO_WriteBit
    main.o(.text) refers to lcd.o(.text) for LCD_SetWindows
    main.o(.text) refers to ov7670.o(.text) for FIFO_Reset_Read_Addr
    main.o(.text) refers to usart.o(.text) for USART1_Send_Byte
    main.o(.text) refers to ffltui.o(.text) for __aeabi_ui2f
    main.o(.text) refers to cfrcmple.o(.text) for __aeabi_cfrcmple
    main.o(.text) refers to cfcmple.o(.text) for __aeabi_cfcmple
    main.o(.text) refers to fmul.o(.text) for __aeabi_fmul
    main.o(.text) refers to fdiv.o(.text) for __aeabi_fdiv
    main.o(.text) refers to fadd.o(.text) for __aeabi_fsub
    main.o(.text) refers to main.o(.data) for LED_flag
    main.o(.text) refers to fflti.o(.text) for __aeabi_i2f
    main.o(.text) refers to stm32f10x_rcc.o(.text) for RCC_APB1PeriphClockCmd
    main.o(.text) refers to stm32f10x_tim.o(.text) for TIM_TimeBaseInit
    main.o(.text) refers to led.o(.text) for Led_init
    main.o(.text) refers to key.o(.text) for Key_init
    main.o(.text) refers to printfb.o(i.__0printf$bare) for __2printf
    main.o(.text) refers to delay.o(.text) for delayms
    main.o(.text) refers to main.o(.bss) for TIM_TimeBaseStructure
    startup_stm32f10x_md.o(RESET) refers to startup_stm32f10x_md.o(STACK) for __initial_sp
    startup_stm32f10x_md.o(RESET) refers to startup_stm32f10x_md.o(.text) for Reset_Handler
    startup_stm32f10x_md.o(RESET) refers to main.o(.text) for TIM3_IRQHandler
    startup_stm32f10x_md.o(.text) refers to system_stm32f10x.o(.text) for SystemInit
    startup_stm32f10x_md.o(.text) refers to entry.o(.ARM.Collect$$$$00000000) for __main
    lcd.o(.text) refers to stm32f10x_rcc.o(.text) for RCC_APB2PeriphClockCmd
    lcd.o(.text) refers to stm32f10x_gpio.o(.text) for GPIO_PinRemapConfig
    lcd.o(.text) refers to delay.o(.text) for delayms
    lcd.o(.text) refers to lcd.o(.constdata) for asc2_1608
    led.o(.text) refers to stm32f10x_rcc.o(.text) for RCC_APB2PeriphClockCmd
    led.o(.text) refers to stm32f10x_gpio.o(.text) for GPIO_Init
    usart.o(.text) refers to stm32f10x_rcc.o(.text) for RCC_APB2PeriphClockCmd
    usart.o(.text) refers to stm32f10x_gpio.o(.text) for GPIO_Init
    usart.o(.text) refers to stm32f10x_usart.o(.text) for USART_Init
    key.o(.text) refers to stm32f10x_rcc.o(.text) for RCC_APB2PeriphClockCmd
    key.o(.text) refers to stm32f10x_gpio.o(.text) for GPIO_Init
    key.o(.text) refers to delay.o(.text) for delay_ms
    key.o(.text) refers to key.o(.data) for key_up
    ov7670.o(.text) refers to stm32f10x_rcc.o(.text) for RCC_APB2PeriphClockCmd
    ov7670.o(.text) refers to stm32f10x_gpio.o(.text) for GPIO_Init
    ov7670.o(.text) refers to delay.o(.text) for delay
    ov7670.o(.text) refers to ov7670.o(.constdata) for OV7670_reg
    stm32f10x_cec.o(.text) refers to stm32f10x_rcc.o(.text) for RCC_APB1PeriphResetCmd
    stm32f10x_cec.o(.text) refers to debug.o(.text) for assert_failed
    stm32f10x_dbgmcu.o(.text) refers to debug.o(.text) for assert_failed
    stm32f10x_gpio.o(.text) refers to debug.o(.text) for assert_failed
    stm32f10x_gpio.o(.text) refers to stm32f10x_rcc.o(.text) for RCC_APB2PeriphResetCmd
    stm32f10x_rcc.o(.text) refers to debug.o(.text) for assert_failed
    stm32f10x_rcc.o(.text) refers to stm32f10x_rcc.o(.data) for APBAHBPrescTable
    stm32f10x_sdio.o(.text) refers to debug.o(.text) for assert_failed
    stm32f10x_usart.o(.text) refers to debug.o(.text) for assert_failed
    stm32f10x_usart.o(.text) refers to stm32f10x_rcc.o(.text) for RCC_APB2PeriphResetCmd
    stm32f10x_exti.o(.text) refers to debug.o(.text) for assert_failed
    misc.o(.text) refers to debug.o(.text) for assert_failed
    stm32f10x_tim.o(.text) refers to debug.o(.text) for assert_failed
    stm32f10x_tim.o(.text) refers to stm32f10x_rcc.o(.text) for RCC_APB2PeriphResetCmd
    system_stm32f10x.o(.text) refers to system_stm32f10x.o(.data) for SystemCoreClock
    common.o(.text) refers to stm32f10x_usart.o(.text) for USART_SendData
    entry.o(.ARM.Collect$$$$00000000) refers (Special) to entry10a.o(.ARM.Collect$$$$0000000F) for __rt_final_cpp
    entry.o(.ARM.Collect$$$$00000000) refers (Special) to entry11a.o(.ARM.Collect$$$$00000011) for __rt_final_exit
    entry.o(.ARM.Collect$$$$00000000) refers (Special) to entry12b.o(.ARM.Collect$$$$0000000E) for __rt_lib_shutdown_fini
    entry.o(.ARM.Collect$$$$00000000) refers (Special) to entry7b.o(.ARM.Collect$$$$00000008) for _main_clock
    entry.o(.ARM.Collect$$$$00000000) refers (Special) to entry8b.o(.ARM.Collect$$$$0000000A) for _main_cpp_init
    entry.o(.ARM.Collect$$$$00000000) refers (Special) to entry9a.o(.ARM.Collect$$$$0000000B) for _main_init
    entry.o(.ARM.Collect$$$$00000000) refers (Special) to entry5.o(.ARM.Collect$$$$00000004) for _main_scatterload
    entry.o(.ARM.Collect$$$$00000000) refers (Special) to entry2.o(.ARM.Collect$$$$00000001) for _main_stk
    printfb.o(i.__0fprintf$bare) refers to printfb.o(i._printf_core) for _printf_core
    printfb.o(i.__0fprintf$bare) refers to usart.o(.text) for fputc
    printfb.o(i.__0printf$bare) refers to printfb.o(i._printf_core) for _printf_core
    printfb.o(i.__0printf$bare) refers to usart.o(.text) for fputc
    printfb.o(i.__0printf$bare) refers to stdout.o(.data) for __stdout
    printfb.o(i.__0snprintf$bare) refers to printfb.o(i._printf_core) for _printf_core
    printfb.o(i.__0snprintf$bare) refers to printfb.o(i._snputc) for _snputc
    printfb.o(i.__0sprintf$bare) refers to printfb.o(i._printf_core) for _printf_core
    printfb.o(i.__0sprintf$bare) refers to printfb.o(i._sputc) for _sputc
    printfb.o(i.__0vfprintf$bare) refers to printfb.o(i._printf_core) for _printf_core
    printfb.o(i.__0vfprintf$bare) refers to usart.o(.text) for fputc
    printfb.o(i.__0vprintf$bare) refers to printfb.o(i._printf_core) for _printf_core
    printfb.o(i.__0vprintf$bare) refers to usart.o(.text) for fputc
    printfb.o(i.__0vprintf$bare) refers to stdout.o(.data) for __stdout
    printfb.o(i.__0vsnprintf$bare) refers to printfb.o(i._printf_core) for _printf_core
    printfb.o(i.__0vsnprintf$bare) refers to printfb.o(i._snputc) for _snputc
    printfb.o(i.__0vsprintf$bare) refers to printfb.o(i._printf_core) for _printf_core
    printfb.o(i.__0vsprintf$bare) refers to printfb.o(i._sputc) for _sputc
    printf0.o(i.__0fprintf$0) refers to printf0.o(i._printf_core) for _printf_core
    printf0.o(i.__0fprintf$0) refers to usart.o(.text) for fputc
    printf0.o(i.__0printf$0) refers to printf0.o(i._printf_core) for _printf_core
    printf0.o(i.__0printf$0) refers to usart.o(.text) for fputc
    printf0.o(i.__0printf$0) refers to stdout.o(.data) for __stdout
    printf0.o(i.__0snprintf$0) refers to printf0.o(i._printf_core) for _printf_core
    printf0.o(i.__0snprintf$0) refers to printf0.o(i._snputc) for _snputc
    printf0.o(i.__0sprintf$0) refers to printf0.o(i._printf_core) for _printf_core
    printf0.o(i.__0sprintf$0) refers to printf0.o(i._sputc) for _sputc
    printf0.o(i.__0vfprintf$0) refers to printf0.o(i._printf_core) for _printf_core
    printf0.o(i.__0vfprintf$0) refers to usart.o(.text) for fputc
    printf0.o(i.__0vprintf$0) refers to printf0.o(i._printf_core) for _printf_core
    printf0.o(i.__0vprintf$0) refers to usart.o(.text) for fputc
    printf0.o(i.__0vprintf$0) refers to stdout.o(.data) for __stdout
    printf0.o(i.__0vsnprintf$0) refers to printf0.o(i._printf_core) for _printf_core
    printf0.o(i.__0vsnprintf$0) refers to printf0.o(i._snputc) for _snputc
    printf0.o(i.__0vsprintf$0) refers to printf0.o(i._printf_core) for _printf_core
    printf0.o(i.__0vsprintf$0) refers to printf0.o(i._sputc) for _sputc
    printf1.o(i.__0fprintf$1) refers to printf1.o(i._printf_core) for _printf_core
    printf1.o(i.__0fprintf$1) refers to usart.o(.text) for fputc
    printf1.o(i.__0printf$1) refers to printf1.o(i._printf_core) for _printf_core
    printf1.o(i.__0printf$1) refers to usart.o(.text) for fputc
    printf1.o(i.__0printf$1) refers to stdout.o(.data) for __stdout
    printf1.o(i.__0snprintf$1) refers to printf1.o(i._printf_core) for _printf_core
    printf1.o(i.__0snprintf$1) refers to printf1.o(i._snputc) for _snputc
    printf1.o(i.__0sprintf$1) refers to printf1.o(i._printf_core) for _printf_core
    printf1.o(i.__0sprintf$1) refers to printf1.o(i._sputc) for _sputc
    printf1.o(i.__0vfprintf$1) refers to printf1.o(i._printf_core) for _printf_core
    printf1.o(i.__0vfprintf$1) refers to usart.o(.text) for fputc
    printf1.o(i.__0vprintf$1) refers to printf1.o(i._printf_core) for _printf_core
    printf1.o(i.__0vprintf$1) refers to usart.o(.text) for fputc
    printf1.o(i.__0vprintf$1) refers to stdout.o(.data) for __stdout
    printf1.o(i.__0vsnprintf$1) refers to printf1.o(i._printf_core) for _printf_core
    printf1.o(i.__0vsnprintf$1) refers to printf1.o(i._snputc) for _snputc
    printf1.o(i.__0vsprintf$1) refers to printf1.o(i._printf_core) for _printf_core
    printf1.o(i.__0vsprintf$1) refers to printf1.o(i._sputc) for _sputc
    printf1.o(i._printf_core) refers to uidiv.o(.text) for __aeabi_uidivmod
    printf2.o(i.__0fprintf$2) refers to printf2.o(i._printf_core) for _printf_core
    printf2.o(i.__0fprintf$2) refers to usart.o(.text) for fputc
    printf2.o(i.__0printf$2) refers to printf2.o(i._printf_core) for _printf_core
    printf2.o(i.__0printf$2) refers to usart.o(.text) for fputc
    printf2.o(i.__0printf$2) refers to stdout.o(.data) for __stdout
    printf2.o(i.__0snprintf$2) refers to printf2.o(i._printf_core) for _printf_core
    printf2.o(i.__0snprintf$2) refers to printf2.o(i._snputc) for _snputc
    printf2.o(i.__0sprintf$2) refers to printf2.o(i._printf_core) for _printf_core
    printf2.o(i.__0sprintf$2) refers to printf2.o(i._sputc) for _sputc
    printf2.o(i.__0vfprintf$2) refers to printf2.o(i._printf_core) for _printf_core
    printf2.o(i.__0vfprintf$2) refers to usart.o(.text) for fputc
    printf2.o(i.__0vprintf$2) refers to printf2.o(i._printf_core) for _printf_core
    printf2.o(i.__0vprintf$2) refers to usart.o(.text) for fputc
    printf2.o(i.__0vprintf$2) refers to stdout.o(.data) for __stdout
    printf2.o(i.__0vsnprintf$2) refers to printf2.o(i._printf_core) for _printf_core
    printf2.o(i.__0vsnprintf$2) refers to printf2.o(i._snputc) for _snputc
    printf2.o(i.__0vsprintf$2) refers to printf2.o(i._printf_core) for _printf_core
    printf2.o(i.__0vsprintf$2) refers to printf2.o(i._sputc) for _sputc
    printf3.o(i.__0fprintf$3) refers to printf3.o(i._printf_core) for _printf_core
    printf3.o(i.__0fprintf$3) refers to usart.o(.text) for fputc
    printf3.o(i.__0printf$3) refers to printf3.o(i._printf_core) for _printf_core
    printf3.o(i.__0printf$3) refers to usart.o(.text) for fputc
    printf3.o(i.__0printf$3) refers to stdout.o(.data) for __stdout
    printf3.o(i.__0snprintf$3) refers to printf3.o(i._printf_core) for _printf_core
    printf3.o(i.__0snprintf$3) refers to printf3.o(i._snputc) for _snputc
    printf3.o(i.__0sprintf$3) refers to printf3.o(i._printf_core) for _printf_core
    printf3.o(i.__0sprintf$3) refers to printf3.o(i._sputc) for _sputc
    printf3.o(i.__0vfprintf$3) refers to printf3.o(i._printf_core) for _printf_core
    printf3.o(i.__0vfprintf$3) refers to usart.o(.text) for fputc
    printf3.o(i.__0vprintf$3) refers to printf3.o(i._printf_core) for _printf_core
    printf3.o(i.__0vprintf$3) refers to usart.o(.text) for fputc
    printf3.o(i.__0vprintf$3) refers to stdout.o(.data) for __stdout
    printf3.o(i.__0vsnprintf$3) refers to printf3.o(i._printf_core) for _printf_core
    printf3.o(i.__0vsnprintf$3) refers to printf3.o(i._snputc) for _snputc
    printf3.o(i.__0vsprintf$3) refers to printf3.o(i._printf_core) for _printf_core
    printf3.o(i.__0vsprintf$3) refers to printf3.o(i._sputc) for _sputc
    printf3.o(i._printf_core) refers to uidiv.o(.text) for __aeabi_uidivmod
    printf4.o(i.__0fprintf$4) refers to printf4.o(i._printf_core) for _printf_core
    printf4.o(i.__0fprintf$4) refers to usart.o(.text) for fputc
    printf4.o(i.__0printf$4) refers to printf4.o(i._printf_core) for _printf_core
    printf4.o(i.__0printf$4) refers to usart.o(.text) for fputc
    printf4.o(i.__0printf$4) refers to stdout.o(.data) for __stdout
    printf4.o(i.__0snprintf$4) refers to printf4.o(i._printf_core) for _printf_core
    printf4.o(i.__0snprintf$4) refers to printf4.o(i._snputc) for _snputc
    printf4.o(i.__0sprintf$4) refers to printf4.o(i._printf_core) for _printf_core
    printf4.o(i.__0sprintf$4) refers to printf4.o(i._sputc) for _sputc
    printf4.o(i.__0vfprintf$4) refers to printf4.o(i._printf_core) for _printf_core
    printf4.o(i.__0vfprintf$4) refers to usart.o(.text) for fputc
    printf4.o(i.__0vprintf$4) refers to printf4.o(i._printf_core) for _printf_core
    printf4.o(i.__0vprintf$4) refers to usart.o(.text) for fputc
    printf4.o(i.__0vprintf$4) refers to stdout.o(.data) for __stdout
    printf4.o(i.__0vsnprintf$4) refers to printf4.o(i._printf_core) for _printf_core
    printf4.o(i.__0vsnprintf$4) refers to printf4.o(i._snputc) for _snputc
    printf4.o(i.__0vsprintf$4) refers to printf4.o(i._printf_core) for _printf_core
    printf4.o(i.__0vsprintf$4) refers to printf4.o(i._sputc) for _sputc
    printf4.o(i._printf_core) refers to uldiv.o(.text) for __aeabi_uldivmod
    printf5.o(i.__0fprintf$5) refers to printf5.o(i._printf_core) for _printf_core
    printf5.o(i.__0fprintf$5) refers to usart.o(.text) for fputc
    printf5.o(i.__0printf$5) refers to printf5.o(i._printf_core) for _printf_core
    printf5.o(i.__0printf$5) refers to usart.o(.text) for fputc
    printf5.o(i.__0printf$5) refers to stdout.o(.data) for __stdout
    printf5.o(i.__0snprintf$5) refers to printf5.o(i._printf_core) for _printf_core
    printf5.o(i.__0snprintf$5) refers to printf5.o(i._snputc) for _snputc
    printf5.o(i.__0sprintf$5) refers to printf5.o(i._printf_core) for _printf_core
    printf5.o(i.__0sprintf$5) refers to printf5.o(i._sputc) for _sputc
    printf5.o(i.__0vfprintf$5) refers to printf5.o(i._printf_core) for _printf_core
    printf5.o(i.__0vfprintf$5) refers to usart.o(.text) for fputc
    printf5.o(i.__0vprintf$5) refers to printf5.o(i._printf_core) for _printf_core
    printf5.o(i.__0vprintf$5) refers to usart.o(.text) for fputc
    printf5.o(i.__0vprintf$5) refers to stdout.o(.data) for __stdout
    printf5.o(i.__0vsnprintf$5) refers to printf5.o(i._printf_core) for _printf_core
    printf5.o(i.__0vsnprintf$5) refers to printf5.o(i._snputc) for _snputc
    printf5.o(i.__0vsprintf$5) refers to printf5.o(i._printf_core) for _printf_core
    printf5.o(i.__0vsprintf$5) refers to printf5.o(i._sputc) for _sputc
    printf5.o(i._printf_core) refers to uldiv.o(.text) for __aeabi_uldivmod
    printf6.o(i.__0fprintf$6) refers to printf6.o(i._printf_core) for _printf_core
    printf6.o(i.__0fprintf$6) refers to usart.o(.text) for fputc
    printf6.o(i.__0printf$6) refers to printf6.o(i._printf_core) for _printf_core
    printf6.o(i.__0printf$6) refers to usart.o(.text) for fputc
    printf6.o(i.__0printf$6) refers to stdout.o(.data) for __stdout
    printf6.o(i.__0snprintf$6) refers to printf6.o(i._printf_core) for _printf_core
    printf6.o(i.__0snprintf$6) refers to printf6.o(i._snputc) for _snputc
    printf6.o(i.__0sprintf$6) refers to printf6.o(i._printf_core) for _printf_core
    printf6.o(i.__0sprintf$6) refers to printf6.o(i._sputc) for _sputc
    printf6.o(i.__0vfprintf$6) refers to printf6.o(i._printf_core) for _printf_core
    printf6.o(i.__0vfprintf$6) refers to usart.o(.text) for fputc
    printf6.o(i.__0vprintf$6) refers to printf6.o(i._printf_core) for _printf_core
    printf6.o(i.__0vprintf$6) refers to usart.o(.text) for fputc
    printf6.o(i.__0vprintf$6) refers to stdout.o(.data) for __stdout
    printf6.o(i.__0vsnprintf$6) refers to printf6.o(i._printf_core) for _printf_core
    printf6.o(i.__0vsnprintf$6) refers to printf6.o(i._snputc) for _snputc
    printf6.o(i.__0vsprintf$6) refers to printf6.o(i._printf_core) for _printf_core
    printf6.o(i.__0vsprintf$6) refers to printf6.o(i._sputc) for _sputc
    printf6.o(i._printf_core) refers to printf6.o(i._printf_pre_padding) for _printf_pre_padding
    printf6.o(i._printf_core) refers to uidiv.o(.text) for __aeabi_uidivmod
    printf6.o(i._printf_core) refers to printf6.o(i._printf_post_padding) for _printf_post_padding
    printf7.o(i.__0fprintf$7) refers to printf7.o(i._printf_core) for _printf_core
    printf7.o(i.__0fprintf$7) refers to usart.o(.text) for fputc
    printf7.o(i.__0printf$7) refers to printf7.o(i._printf_core) for _printf_core
    printf7.o(i.__0printf$7) refers to usart.o(.text) for fputc
    printf7.o(i.__0printf$7) refers to stdout.o(.data) for __stdout
    printf7.o(i.__0snprintf$7) refers to printf7.o(i._printf_core) for _printf_core
    printf7.o(i.__0snprintf$7) refers to printf7.o(i._snputc) for _snputc
    printf7.o(i.__0sprintf$7) refers to printf7.o(i._printf_core) for _printf_core
    printf7.o(i.__0sprintf$7) refers to printf7.o(i._sputc) for _sputc
    printf7.o(i.__0vfprintf$7) refers to printf7.o(i._printf_core) for _printf_core
    printf7.o(i.__0vfprintf$7) refers to usart.o(.text) for fputc
    printf7.o(i.__0vprintf$7) refers to printf7.o(i._printf_core) for _printf_core
    printf7.o(i.__0vprintf$7) refers to usart.o(.text) for fputc
    printf7.o(i.__0vprintf$7) refers to stdout.o(.data) for __stdout
    printf7.o(i.__0vsnprintf$7) refers to printf7.o(i._printf_core) for _printf_core
    printf7.o(i.__0vsnprintf$7) refers to printf7.o(i._snputc) for _snputc
    printf7.o(i.__0vsprintf$7) refers to printf7.o(i._printf_core) for _printf_core
    printf7.o(i.__0vsprintf$7) refers to printf7.o(i._sputc) for _sputc
    printf7.o(i._printf_core) refers to printf7.o(i._printf_pre_padding) for _printf_pre_padding
    printf7.o(i._printf_core) refers to uldiv.o(.text) for __aeabi_uldivmod
    printf7.o(i._printf_core) refers to printf7.o(i._printf_post_padding) for _printf_post_padding
    printf8.o(i.__0fprintf$8) refers to printf8.o(i._printf_core) for _printf_core
    printf8.o(i.__0fprintf$8) refers to usart.o(.text) for fputc
    printf8.o(i.__0printf$8) refers to printf8.o(i._printf_core) for _printf_core
    printf8.o(i.__0printf$8) refers to usart.o(.text) for fputc
    printf8.o(i.__0printf$8) refers to stdout.o(.data) for __stdout
    printf8.o(i.__0snprintf$8) refers to printf8.o(i._printf_core) for _printf_core
    printf8.o(i.__0snprintf$8) refers to printf8.o(i._snputc) for _snputc
    printf8.o(i.__0sprintf$8) refers to printf8.o(i._printf_core) for _printf_core
    printf8.o(i.__0sprintf$8) refers to printf8.o(i._sputc) for _sputc
    printf8.o(i.__0vfprintf$8) refers to printf8.o(i._printf_core) for _printf_core
    printf8.o(i.__0vfprintf$8) refers to usart.o(.text) for fputc
    printf8.o(i.__0vprintf$8) refers to printf8.o(i._printf_core) for _printf_core
    printf8.o(i.__0vprintf$8) refers to usart.o(.text) for fputc
    printf8.o(i.__0vprintf$8) refers to stdout.o(.data) for __stdout
    printf8.o(i.__0vsnprintf$8) refers to printf8.o(i._printf_core) for _printf_core
    printf8.o(i.__0vsnprintf$8) refers to printf8.o(i._snputc) for _snputc
    printf8.o(i.__0vsprintf$8) refers to printf8.o(i._printf_core) for _printf_core
    printf8.o(i.__0vsprintf$8) refers to printf8.o(i._sputc) for _sputc
    printf8.o(i._printf_core) refers to printf8.o(i._printf_pre_padding) for _printf_pre_padding
    printf8.o(i._printf_core) refers to uldiv.o(.text) for __aeabi_uldivmod
    printf8.o(i._printf_core) refers to printf8.o(i._printf_post_padding) for _printf_post_padding
    printfa.o(i.__0fprintf) refers (Special) to iusefp.o(.text) for __I$use$fp
    printfa.o(i.__0fprintf) refers to printfa.o(i._printf_core) for _printf_core
    printfa.o(i.__0fprintf) refers to usart.o(.text) for fputc
    printfa.o(i.__0printf) refers (Special) to iusefp.o(.text) for __I$use$fp
    printfa.o(i.__0printf) refers to printfa.o(i._printf_core) for _printf_core
    printfa.o(i.__0printf) refers to usart.o(.text) for fputc
    printfa.o(i.__0printf) refers to stdout.o(.data) for __stdout
    printfa.o(i.__0snprintf) refers (Special) to iusefp.o(.text) for __I$use$fp
    printfa.o(i.__0snprintf) refers to printfa.o(i._printf_core) for _printf_core
    printfa.o(i.__0snprintf) refers to printfa.o(i._snputc) for _snputc
    printfa.o(i.__0sprintf) refers (Special) to iusefp.o(.text) for __I$use$fp
    printfa.o(i.__0sprintf) refers to printfa.o(i._printf_core) for _printf_core
    printfa.o(i.__0sprintf) refers to printfa.o(i._sputc) for _sputc
    printfa.o(i.__0vfprintf) refers (Special) to iusefp.o(.text) for __I$use$fp
    printfa.o(i.__0vfprintf) refers to printfa.o(i._printf_core) for _printf_core
    printfa.o(i.__0vfprintf) refers to usart.o(.text) for fputc
    printfa.o(i.__0vprintf) refers (Special) to iusefp.o(.text) for __I$use$fp
    printfa.o(i.__0vprintf) refers to printfa.o(i._printf_core) for _printf_core
    printfa.o(i.__0vprintf) refers to usart.o(.text) for fputc
    printfa.o(i.__0vprintf) refers to stdout.o(.data) for __stdout
    printfa.o(i.__0vsnprintf) refers (Special) to iusefp.o(.text) for __I$use$fp
    printfa.o(i.__0vsnprintf) refers to printfa.o(i._printf_core) for _printf_core
    printfa.o(i.__0vsnprintf) refers to printfa.o(i._snputc) for _snputc
    printfa.o(i.__0vsprintf) refers (Special) to iusefp.o(.text) for __I$use$fp
    printfa.o(i.__0vsprintf) refers to printfa.o(i._printf_core) for _printf_core
    printfa.o(i.__0vsprintf) refers to printfa.o(i._sputc) for _sputc
    printfa.o(i._fp_digits) refers (Special) to iusefp.o(.text) for __I$use$fp
    printfa.o(i._fp_digits) refers to dmul.o(.text) for __aeabi_dmul
    printfa.o(i._fp_digits) refers to ddiv.o(.text) for __aeabi_ddiv
    printfa.o(i._fp_digits) refers to cdrcmple.o(.text) for __aeabi_cdrcmple
    printfa.o(i._fp_digits) refers to dadd.o(.text) for __aeabi_dadd
    printfa.o(i._fp_digits) refers to dfixul.o(.text) for __aeabi_d2ulz
    printfa.o(i._fp_digits) refers to uldiv.o(.text) for __aeabi_uldivmod
    printfa.o(i._printf_core) refers (Special) to iusefp.o(.text) for __I$use$fp
    printfa.o(i._printf_core) refers to printfa.o(i._printf_pre_padding) for _printf_pre_padding
    printfa.o(i._printf_core) refers to uldiv.o(.text) for __aeabi_uldivmod
    printfa.o(i._printf_core) refers to printfa.o(i._printf_post_padding) for _printf_post_padding
    printfa.o(i._printf_core) refers to printfa.o(i._fp_digits) for _fp_digits
    printfa.o(i._printf_core) refers to uidiv.o(.text) for __aeabi_uidivmod
    printfa.o(i._printf_post_padding) refers (Special) to iusefp.o(.text) for __I$use$fp
    printfa.o(i._printf_pre_padding) refers (Special) to iusefp.o(.text) for __I$use$fp
    printfa.o(i._snputc) refers (Special) to iusefp.o(.text) for __I$use$fp
    printfa.o(i._sputc) refers (Special) to iusefp.o(.text) for __I$use$fp
    fadd.o(.text) refers (Special) to iusefp.o(.text) for __I$use$fp
    fadd.o(.text) refers to fepilogue.o(.text) for _float_epilogue
    fmul.o(.text) refers (Special) to iusefp.o(.text) for __I$use$fp
    fdiv.o(.text) refers (Special) to iusefp.o(.text) for __I$use$fp
    fdiv.o(.text) refers to fepilogue.o(.text) for _float_round
    fflti.o(.text) refers (Special) to iusefp.o(.text) for __I$use$fp
    fflti.o(.text) refers to fepilogue.o(.text) for _float_epilogue
    ffltui.o(.text) refers (Special) to iusefp.o(.text) for __I$use$fp
    ffltui.o(.text) refers to fepilogue.o(.text) for _float_epilogue
    cfcmple.o(.text) refers (Special) to iusefp.o(.text) for __I$use$fp
    cfrcmple.o(.text) refers (Special) to iusefp.o(.text) for __I$use$fp
    entry2.o(.ARM.Collect$$$$00000001) refers to entry2.o(.ARM.Collect$$$$00002712) for __lit__00000000
    entry2.o(.ARM.Collect$$$$00002712) refers to startup_stm32f10x_md.o(STACK) for __initial_sp
    entry2.o(__vectab_stack_and_reset_area) refers to startup_stm32f10x_md.o(STACK) for __initial_sp
    entry2.o(__vectab_stack_and_reset_area) refers to entry.o(.ARM.Collect$$$$00000000) for __main
    entry5.o(.ARM.Collect$$$$00000004) refers to init.o(.text) for __scatterload
    entry9a.o(.ARM.Collect$$$$0000000B) refers to main.o(.text) for main
    entry9b.o(.ARM.Collect$$$$0000000C) refers to main.o(.text) for main
    uldiv.o(.text) refers to llushr.o(.text) for __aeabi_llsr
    uldiv.o(.text) refers to llshl.o(.text) for __aeabi_llsl
    dadd.o(.text) refers to llshl.o(.text) for __aeabi_llsl
    dadd.o(.text) refers to llsshr.o(.text) for __aeabi_lasr
    dadd.o(.text) refers to depilogue.o(.text) for _double_epilogue
    dmul.o(.text) refers to depilogue.o(.text) for _double_epilogue
    ddiv.o(.text) refers to depilogue.o(.text) for _double_round
    dfixul.o(.text) refers to llushr.o(.text) for __aeabi_llsr
    dfixul.o(.text) refers to llshl.o(.text) for __aeabi_llsl
    init.o(.text) refers to entry5.o(.ARM.Collect$$$$00000004) for __main_after_scatterload
    depilogue.o(.text) refers to llshl.o(.text) for __aeabi_llsl
    depilogue.o(.text) refers to llushr.o(.text) for __aeabi_llsr


==============================================================================

Removing Unused input sections from the image.

    Removing startup_stm32f10x_md.o(HEAP), (512 bytes).
    Removing string.o(.data), (6642 bytes).
    Removing stm32f10x_cec.o(.text), (660 bytes).
    Removing stm32f10x_dbgmcu.o(.text), (128 bytes).
    Removing stm32f10x_sdio.o(.text), (1588 bytes).
    Removing stm32f10x_exti.o(.text), (764 bytes).
    Removing core_cm3.o(.emb_text), (32 bytes).
    Removing common.o(.text), (360 bytes).
    Removing dadd.o(.text), (334 bytes).
    Removing dmul.o(.text), (228 bytes).
    Removing ddiv.o(.text), (222 bytes).
    Removing dfixul.o(.text), (48 bytes).
    Removing cdrcmple.o(.text), (48 bytes).
    Removing depilogue.o(.text), (186 bytes).

14 unused section(s) (total 11752 bytes) removed from the image.

==============================================================================

Image Symbol Table

    Local Symbols

    Symbol Name                              Value     Ov Type        Size  Object(Section)

    ../clib/microlib/division.c              0x00000000   Number         0  uidiv.o ABSOLUTE
    ../clib/microlib/division.c              0x00000000   Number         0  uldiv.o ABSOLUTE
    ../clib/microlib/init/entry.s            0x00000000   Number         0  entry7b.o ABSOLUTE
    ../clib/microlib/init/entry.s            0x00000000   Number         0  entry7a.o ABSOLUTE
    ../clib/microlib/init/entry.s            0x00000000   Number         0  entry5.o ABSOLUTE
    ../clib/microlib/init/entry.s            0x00000000   Number         0  entry2.o ABSOLUTE
    ../clib/microlib/init/entry.s            0x00000000   Number         0  entry10b.o ABSOLUTE
    ../clib/microlib/init/entry.s            0x00000000   Number         0  entry8a.o ABSOLUTE
    ../clib/microlib/init/entry.s            0x00000000   Number         0  entry.o ABSOLUTE
    ../clib/microlib/init/entry.s            0x00000000   Number         0  entry12b.o ABSOLUTE
    ../clib/microlib/init/entry.s            0x00000000   Number         0  entry12a.o ABSOLUTE
    ../clib/microlib/init/entry.s            0x00000000   Number         0  entry11b.o ABSOLUTE
    ../clib/microlib/init/entry.s            0x00000000   Number         0  entry11a.o ABSOLUTE
    ../clib/microlib/init/entry.s            0x00000000   Number         0  entry10a.o ABSOLUTE
    ../clib/microlib/init/entry.s            0x00000000   Number         0  entry9b.o ABSOLUTE
    ../clib/microlib/init/entry.s            0x00000000   Number         0  entry9a.o ABSOLUTE
    ../clib/microlib/init/entry.s            0x00000000   Number         0  entry8b.o ABSOLUTE
    ../clib/microlib/longlong.c              0x00000000   Number         0  llshl.o ABSOLUTE
    ../clib/microlib/longlong.c              0x00000000   Number         0  llushr.o ABSOLUTE
    ../clib/microlib/longlong.c              0x00000000   Number         0  llsshr.o ABSOLUTE
    ../clib/microlib/printf/printf.c         0x00000000   Number         0  printf0.o ABSOLUTE
    ../clib/microlib/printf/printf.c         0x00000000   Number         0  printf1.o ABSOLUTE
    ../clib/microlib/printf/printf.c         0x00000000   Number         0  printf2.o ABSOLUTE
    ../clib/microlib/printf/printf.c         0x00000000   Number         0  printf3.o ABSOLUTE
    ../clib/microlib/printf/printf.c         0x00000000   Number         0  printfa.o ABSOLUTE
    ../clib/microlib/printf/printf.c         0x00000000   Number         0  printf8.o ABSOLUTE
    ../clib/microlib/printf/printf.c         0x00000000   Number         0  printf7.o ABSOLUTE
    ../clib/microlib/printf/printf.c         0x00000000   Number         0  printfb.o ABSOLUTE
    ../clib/microlib/printf/printf.c         0x00000000   Number         0  printf6.o ABSOLUTE
    ../clib/microlib/printf/printf.c         0x00000000   Number         0  printf5.o ABSOLUTE
    ../clib/microlib/printf/printf.c         0x00000000   Number         0  printf4.o ABSOLUTE
    ../clib/microlib/stdio/streams.c         0x00000000   Number         0  stdout.o ABSOLUTE
    ../clib/microlib/stubs.s                 0x00000000   Number         0  iusefp.o ABSOLUTE
    ../fplib/microlib/fpadd.c                0x00000000   Number         0  fadd.o ABSOLUTE
    ../fplib/microlib/fpadd.c                0x00000000   Number         0  dadd.o ABSOLUTE
    ../fplib/microlib/fpdiv.c                0x00000000   Number         0  fdiv.o ABSOLUTE
    ../fplib/microlib/fpdiv.c                0x00000000   Number         0  ddiv.o ABSOLUTE
    ../fplib/microlib/fpepilogue.c           0x00000000   Number         0  depilogue.o ABSOLUTE
    ../fplib/microlib/fpepilogue.c           0x00000000   Number         0  fepilogue.o ABSOLUTE
    ../fplib/microlib/fpfix.c                0x00000000   Number         0  dfixul.o ABSOLUTE
    ../fplib/microlib/fpflt.c                0x00000000   Number         0  fflti.o ABSOLUTE
    ../fplib/microlib/fpflt.c                0x00000000   Number         0  ffltui.o ABSOLUTE
    ../fplib/microlib/fpmul.c                0x00000000   Number         0  fmul.o ABSOLUTE
    ../fplib/microlib/fpmul.c                0x00000000   Number         0  dmul.o ABSOLUTE
    ..\CMSIS\core_cm3.c                      0x00000000   Number         0  core_cm3.o ABSOLUTE
    ..\CMSIS\system_stm32f10x.c              0x00000000   Number         0  system_stm32f10x.o ABSOLUTE
    ..\Common\Common.c                       0x00000000   Number         0  common.o ABSOLUTE
    ..\Library\src\misc.c                    0x00000000   Number         0  misc.o ABSOLUTE
    ..\Library\src\stm32f10x_cec.c           0x00000000   Number         0  stm32f10x_cec.o ABSOLUTE
    ..\Library\src\stm32f10x_dbgmcu.c        0x00000000   Number         0  stm32f10x_dbgmcu.o ABSOLUTE
    ..\Library\src\stm32f10x_exti.c          0x00000000   Number         0  stm32f10x_exti.o ABSOLUTE
    ..\Library\src\stm32f10x_gpio.c          0x00000000   Number         0  stm32f10x_gpio.o ABSOLUTE
    ..\Library\src\stm32f10x_it.c            0x00000000   Number         0  stm32f10x_it.o ABSOLUTE
    ..\Library\src\stm32f10x_rcc.c           0x00000000   Number         0  stm32f10x_rcc.o ABSOLUTE
    ..\Library\src\stm32f10x_sdio.c          0x00000000   Number         0  stm32f10x_sdio.o ABSOLUTE
    ..\Library\src\stm32f10x_tim.c           0x00000000   Number         0  stm32f10x_tim.o ABSOLUTE
    ..\Library\src\stm32f10x_usart.c         0x00000000   Number         0  stm32f10x_usart.o ABSOLUTE
    ..\Utilities\src\debug.c                 0x00000000   Number         0  debug.o ABSOLUTE
    ..\Utilities\src\delay.c                 0x00000000   Number         0  delay.o ABSOLUTE
    ..\Utilities\src\lcd.c                   0x00000000   Number         0  lcd.o ABSOLUTE
    ..\Utilities\src\led.c                   0x00000000   Number         0  led.o ABSOLUTE
    ..\Utilities\src\ov7670.c                0x00000000   Number         0  ov7670.o ABSOLUTE
    ..\Utilities\src\string.c                0x00000000   Number         0  string.o ABSOLUTE
    ..\Utilities\src\usart.c                 0x00000000   Number         0  usart.o ABSOLUTE
    ..\\CMSIS\\core_cm3.c                    0x00000000   Number         0  core_cm3.o ABSOLUTE
    cdrcmple.s                               0x00000000   Number         0  cdrcmple.o ABSOLUTE
    cfcmple.s                                0x00000000   Number         0  cfcmple.o ABSOLUTE
    cfrcmple.s                               0x00000000   Number         0  cfrcmple.o ABSOLUTE
    dc.s                                     0x00000000   Number         0  dc.o ABSOLUTE
    handlers.s                               0x00000000   Number         0  handlers.o ABSOLUTE
    init.s                                   0x00000000   Number         0  init.o ABSOLUTE
    key.c                                    0x00000000   Number         0  key.o ABSOLUTE
    main.c                                   0x00000000   Number         0  main.o ABSOLUTE
    startup_stm32f10x_md.s                   0x00000000   Number         0  startup_stm32f10x_md.o ABSOLUTE
    RESET                                    0x08000000   Section      236  startup_stm32f10x_md.o(RESET)
    .ARM.Collect$$$$00000000                 0x080000ec   Section        0  entry.o(.ARM.Collect$$$$00000000)
    .ARM.Collect$$$$00000001                 0x080000ec   Section        4  entry2.o(.ARM.Collect$$$$00000001)
    .ARM.Collect$$$$00000004                 0x080000f0   Section        4  entry5.o(.ARM.Collect$$$$00000004)
    .ARM.Collect$$$$00000008                 0x080000f4   Section        0  entry7b.o(.ARM.Collect$$$$00000008)
    .ARM.Collect$$$$0000000A                 0x080000f4   Section        0  entry8b.o(.ARM.Collect$$$$0000000A)
    .ARM.Collect$$$$0000000B                 0x080000f4   Section        8  entry9a.o(.ARM.Collect$$$$0000000B)
    .ARM.Collect$$$$0000000E                 0x080000fc   Section        4  entry12b.o(.ARM.Collect$$$$0000000E)
    .ARM.Collect$$$$0000000F                 0x08000100   Section        0  entry10a.o(.ARM.Collect$$$$0000000F)
    .ARM.Collect$$$$00000011                 0x08000100   Section        0  entry11a.o(.ARM.Collect$$$$00000011)
    .ARM.Collect$$$$00002712                 0x08000100   Section        4  entry2.o(.ARM.Collect$$$$00002712)
    __lit__00000000                          0x08000100   Data           4  entry2.o(.ARM.Collect$$$$00002712)
    .text                                    0x08000104   Section        0  main.o(.text)
    .text                                    0x08000790   Section       36  startup_stm32f10x_md.o(.text)
    .text                                    0x080007b4   Section        0  lcd.o(.text)
    .text                                    0x08000ea4   Section        0  delay.o(.text)
    .text                                    0x08000f58   Section        0  debug.o(.text)
    .text                                    0x08000f5c   Section        0  led.o(.text)
    .text                                    0x08000fb0   Section        0  usart.o(.text)
    .text                                    0x08001188   Section        0  key.o(.text)
    .text                                    0x08001230   Section        0  ov7670.o(.text)
    .text                                    0x08001628   Section        0  stm32f10x_gpio.o(.text)
    .text                                    0x0800208c   Section        0  stm32f10x_rcc.o(.text)
    .text                                    0x080028b4   Section        0  stm32f10x_usart.o(.text)
    .text                                    0x0800365c   Section        0  misc.o(.text)
    .text                                    0x08003828   Section        0  stm32f10x_tim.o(.text)
    TI4_Config                               0x080042b5   Thumb Code   130  stm32f10x_tim.o(.text)
    TI3_Config                               0x0800439d   Thumb Code   122  stm32f10x_tim.o(.text)
    TI2_Config                               0x08004497   Thumb Code   164  stm32f10x_tim.o(.text)
    TI1_Config                               0x080045d7   Thumb Code   108  stm32f10x_tim.o(.text)
    .text                                    0x08006f8c   Section        0  system_stm32f10x.o(.text)
    SetSysClockTo72                          0x08006f8d   Thumb Code   214  system_stm32f10x.o(.text)
    SetSysClock                              0x08007063   Thumb Code     8  system_stm32f10x.o(.text)
    .text                                    0x0800716c   Section        0  fadd.o(.text)
    .text                                    0x0800721c   Section        0  fmul.o(.text)
    .text                                    0x08007280   Section        0  fdiv.o(.text)
    .text                                    0x080072fc   Section        0  fflti.o(.text)
    .text                                    0x0800730e   Section        0  ffltui.o(.text)
    .text                                    0x08007318   Section       20  cfcmple.o(.text)
    .text                                    0x0800732c   Section       20  cfrcmple.o(.text)
    .text                                    0x08007340   Section        0  iusefp.o(.text)
    .text                                    0x08007340   Section        0  fepilogue.o(.text)
    .text                                    0x080073b0   Section       36  init.o(.text)
    i.__0printf$bare                         0x080073d4   Section        0  printfb.o(i.__0printf$bare)
    i.__scatterload_copy                     0x080073e4   Section       14  handlers.o(i.__scatterload_copy)
    i.__scatterload_null                     0x080073f2   Section        2  handlers.o(i.__scatterload_null)
    i.__scatterload_zeroinit                 0x080073f4   Section       14  handlers.o(i.__scatterload_zeroinit)
    i._printf_core                           0x08007402   Section        0  printfb.o(i._printf_core)
    _printf_core                             0x08007403   Thumb Code    34  printfb.o(i._printf_core)
    .constdata                               0x08007424   Section     1520  lcd.o(.constdata)
    .constdata                               0x08007a14   Section      368  ov7670.o(.constdata)
    .data                                    0x20000000   Section      163  main.o(.data)
    .data                                    0x200000a3   Section        1  key.o(.data)
    key_up                                   0x200000a3   Data           1  key.o(.data)
    .data                                    0x200000a4   Section       20  stm32f10x_rcc.o(.data)
    APBAHBPrescTable                         0x200000a4   Data          16  stm32f10x_rcc.o(.data)
    ADCPrescTable                            0x200000b4   Data           4  stm32f10x_rcc.o(.data)
    .data                                    0x200000b8   Section       20  system_stm32f10x.o(.data)
    .data                                    0x200000cc   Section        4  stdout.o(.data)
    .bss                                     0x200000d0   Section      760  main.o(.bss)
    STACK                                    0x200003c8   Section     1024  startup_stm32f10x_md.o(STACK)

    Global Symbols

    Symbol Name                              Value     Ov Type        Size  Object(Section)

    BuildAttributes$$THM_ISAv4$P$D$K$B$S$PE$A:L22UL41UL21$X:L11$S22US41US21$IEEE1$IW$USESV6$~STKCKD$USESV7$~SHL$OTIME$ROPI$EBA8$MICROLIB$REQ8$PRES8$EABIv2 0x00000000   Number         0  anon$$obj.o ABSOLUTE
    __ARM_use_no_argv                        0x00000000   Number         0  main.o ABSOLUTE
    __arm_fini_                               - Undefined Weak Reference
    __cpp_initialize__aeabi_                  - Undefined Weak Reference
    __cxa_finalize                            - Undefined Weak Reference
    __decompress                              - Undefined Weak Reference
    _clock_init                               - Undefined Weak Reference
    _microlib_exit                            - Undefined Weak Reference
    __Vectors_Size                           0x000000ec   Number         0  startup_stm32f10x_md.o ABSOLUTE
    __Vectors                                0x08000000   Data           4  startup_stm32f10x_md.o(RESET)
    __Vectors_End                            0x080000ec   Data           0  startup_stm32f10x_md.o(RESET)
    __main                                   0x080000ed   Thumb Code     0  entry.o(.ARM.Collect$$$$00000000)
    _main_stk                                0x080000ed   Thumb Code     0  entry2.o(.ARM.Collect$$$$00000001)
    _main_scatterload                        0x080000f1   Thumb Code     0  entry5.o(.ARM.Collect$$$$00000004)
    __main_after_scatterload                 0x080000f5   Thumb Code     0  entry5.o(.ARM.Collect$$$$00000004)
    _main_clock                              0x080000f5   Thumb Code     0  entry7b.o(.ARM.Collect$$$$00000008)
    _main_cpp_init                           0x080000f5   Thumb Code     0  entry8b.o(.ARM.Collect$$$$0000000A)
    _main_init                               0x080000f5   Thumb Code     0  entry9a.o(.ARM.Collect$$$$0000000B)
    __rt_lib_shutdown_fini                   0x080000fd   Thumb Code     0  entry12b.o(.ARM.Collect$$$$0000000E)
    __rt_final_cpp                           0x08000101   Thumb Code     0  entry10a.o(.ARM.Collect$$$$0000000F)
    __rt_final_exit                          0x08000101   Thumb Code     0  entry11a.o(.ARM.Collect$$$$00000011)
    MYRCC_DeInit                             0x08000105   Thumb Code   110  main.o(.text)
    Stm32_Clock_Init                         0x08000173   Thumb Code   144  main.o(.text)
    LED                                      0x08000203   Thumb Code    30  main.o(.text)
    Data_LCD_Display                         0x08000221   Thumb Code   240  main.o(.text)
    send_pic_using_USART                     0x08000311   Thumb Code   254  main.o(.text)
    RGB_HSV                                  0x0800040f   Thumb Code   554  main.o(.text)
    TIM3_IRQHandler                          0x08000639   Thumb Code    30  main.o(.text)
    TIM3_Configuration                       0x08000657   Thumb Code    62  main.o(.text)
    main                                     0x08000695   Thumb Code   188  main.o(.text)
    Reset_Handler                            0x08000791   Thumb Code     8  startup_stm32f10x_md.o(.text)
    NMI_Handler                              0x08000799   Thumb Code     2  startup_stm32f10x_md.o(.text)
    HardFault_Handler                        0x0800079b   Thumb Code     2  startup_stm32f10x_md.o(.text)
    MemManage_Handler                        0x0800079d   Thumb Code     2  startup_stm32f10x_md.o(.text)
    BusFault_Handler                         0x0800079f   Thumb Code     2  startup_stm32f10x_md.o(.text)
    UsageFault_Handler                       0x080007a1   Thumb Code     2  startup_stm32f10x_md.o(.text)
    SVC_Handler                              0x080007a3   Thumb Code     2  startup_stm32f10x_md.o(.text)
    DebugMon_Handler                         0x080007a5   Thumb Code     2  startup_stm32f10x_md.o(.text)
    PendSV_Handler                           0x080007a7   Thumb Code     2  startup_stm32f10x_md.o(.text)
    SysTick_Handler                          0x080007a9   Thumb Code     2  startup_stm32f10x_md.o(.text)
    ADC1_2_IRQHandler                        0x080007ab   Thumb Code     0  startup_stm32f10x_md.o(.text)
    CAN1_RX1_IRQHandler                      0x080007ab   Thumb Code     0  startup_stm32f10x_md.o(.text)
    CAN1_SCE_IRQHandler                      0x080007ab   Thumb Code     0  startup_stm32f10x_md.o(.text)
    DMA1_Channel1_IRQHandler                 0x080007ab   Thumb Code     0  startup_stm32f10x_md.o(.text)
    DMA1_Channel2_IRQHandler                 0x080007ab   Thumb Code     0  startup_stm32f10x_md.o(.text)
    DMA1_Channel3_IRQHandler                 0x080007ab   Thumb Code     0  startup_stm32f10x_md.o(.text)
    DMA1_Channel4_IRQHandler                 0x080007ab   Thumb Code     0  startup_stm32f10x_md.o(.text)
    DMA1_Channel5_IRQHandler                 0x080007ab   Thumb Code     0  startup_stm32f10x_md.o(.text)
    DMA1_Channel6_IRQHandler                 0x080007ab   Thumb Code     0  startup_stm32f10x_md.o(.text)
    DMA1_Channel7_IRQHandler                 0x080007ab   Thumb Code     0  startup_stm32f10x_md.o(.text)
    EXTI0_IRQHandler                         0x080007ab   Thumb Code     0  startup_stm32f10x_md.o(.text)
    EXTI15_10_IRQHandler                     0x080007ab   Thumb Code     0  startup_stm32f10x_md.o(.text)
    EXTI1_IRQHandler                         0x080007ab   Thumb Code     0  startup_stm32f10x_md.o(.text)
    EXTI2_IRQHandler                         0x080007ab   Thumb Code     0  startup_stm32f10x_md.o(.text)
    EXTI3_IRQHandler                         0x080007ab   Thumb Code     0  startup_stm32f10x_md.o(.text)
    EXTI4_IRQHandler                         0x080007ab   Thumb Code     0  startup_stm32f10x_md.o(.text)
    EXTI9_5_IRQHandler                       0x080007ab   Thumb Code     0  startup_stm32f10x_md.o(.text)
    FLASH_IRQHandler                         0x080007ab   Thumb Code     0  startup_stm32f10x_md.o(.text)
    I2C1_ER_IRQHandler                       0x080007ab   Thumb Code     0  startup_stm32f10x_md.o(.text)
    I2C1_EV_IRQHandler                       0x080007ab   Thumb Code     0  startup_stm32f10x_md.o(.text)
    I2C2_ER_IRQHandler                       0x080007ab   Thumb Code     0  startup_stm32f10x_md.o(.text)
    I2C2_EV_IRQHandler                       0x080007ab   Thumb Code     0  startup_stm32f10x_md.o(.text)
    PVD_IRQHandler                           0x080007ab   Thumb Code     0  startup_stm32f10x_md.o(.text)
    RCC_IRQHandler                           0x080007ab   Thumb Code     0  startup_stm32f10x_md.o(.text)
    RTCAlarm_IRQHandler                      0x080007ab   Thumb Code     0  startup_stm32f10x_md.o(.text)
    RTC_IRQHandler                           0x080007ab   Thumb Code     0  startup_stm32f10x_md.o(.text)
    SPI1_IRQHandler                          0x080007ab   Thumb Code     0  startup_stm32f10x_md.o(.text)
    SPI2_IRQHandler                          0x080007ab   Thumb Code     0  startup_stm32f10x_md.o(.text)
    TAMPER_IRQHandler                        0x080007ab   Thumb Code     0  startup_stm32f10x_md.o(.text)
    TIM1_BRK_IRQHandler                      0x080007ab   Thumb Code     0  startup_stm32f10x_md.o(.text)
    TIM1_CC_IRQHandler                       0x080007ab   Thumb Code     0  startup_stm32f10x_md.o(.text)
    TIM1_TRG_COM_IRQHandler                  0x080007ab   Thumb Code     0  startup_stm32f10x_md.o(.text)
    TIM1_UP_IRQHandler                       0x080007ab   Thumb Code     0  startup_stm32f10x_md.o(.text)
    TIM2_IRQHandler                          0x080007ab   Thumb Code     0  startup_stm32f10x_md.o(.text)
    TIM4_IRQHandler                          0x080007ab   Thumb Code     0  startup_stm32f10x_md.o(.text)
    USART1_IRQHandler                        0x080007ab   Thumb Code     0  startup_stm32f10x_md.o(.text)
    USART2_IRQHandler                        0x080007ab   Thumb Code     0  startup_stm32f10x_md.o(.text)
    USART3_IRQHandler                        0x080007ab   Thumb Code     0  startup_stm32f10x_md.o(.text)
    USBWakeUp_IRQHandler                     0x080007ab   Thumb Code     0  startup_stm32f10x_md.o(.text)
    USB_HP_CAN1_TX_IRQHandler                0x080007ab   Thumb Code     0  startup_stm32f10x_md.o(.text)
    USB_LP_CAN1_RX0_IRQHandler               0x080007ab   Thumb Code     0  startup_stm32f10x_md.o(.text)
    WWDG_IRQHandler                          0x080007ab   Thumb Code     0  startup_stm32f10x_md.o(.text)
    Lcd_Gpio_Init                            0x080007b5   Thumb Code   170  lcd.o(.text)
    LCD_Writ_Bus                             0x0800085f   Thumb Code    32  lcd.o(.text)
    LCD_Write_COM                            0x0800087f   Thumb Code    24  lcd.o(.text)
    LCD_Write_DATA                           0x08000897   Thumb Code    22  lcd.o(.text)
    LCD_Init                                 0x080008ad   Thumb Code   618  lcd.o(.text)
    LCD_SetWindows                           0x08000b17   Thumb Code    82  lcd.o(.text)
    LCD_Fill                                 0x08000b69   Thumb Code    76  lcd.o(.text)
    LCD_DrawPoint                            0x08000bb5   Thumb Code    38  lcd.o(.text)
    LCD_ShowChar                             0x08000bdb   Thumb Code   182  lcd.o(.text)
    mypow                                    0x08000c91   Thumb Code    22  lcd.o(.text)
    LCD_ShowNumPoint                         0x08000ca7   Thumb Code   194  lcd.o(.text)
    LCD_ShowNum                              0x08000d69   Thumb Code    74  lcd.o(.text)
    LCD_ReadPoint                            0x08000db3   Thumb Code   230  lcd.o(.text)
    delay                                    0x08000ea5   Thumb Code    24  delay.o(.text)
    delay_ms                                 0x08000ebd   Thumb Code    24  delay.o(.text)
    delay_us                                 0x08000ed5   Thumb Code    22  delay.o(.text)
    delayms                                  0x08000eeb   Thumb Code    56  delay.o(.text)
    delayus                                  0x08000f23   Thumb Code    54  delay.o(.text)
    assert_failed                            0x08000f59   Thumb Code     4  debug.o(.text)
    Led_init                                 0x08000f5d   Thumb Code    74  led.o(.text)
    fputc                                    0x08000fb1   Thumb Code    24  usart.o(.text)
    USART1_init                              0x08000fc9   Thumb Code   118  usart.o(.text)
    USART1_Send_Byte                         0x0800103f   Thumb Code    28  usart.o(.text)
    USART1_Send_String                       0x0800105b   Thumb Code    22  usart.o(.text)
    USART1_SendChar                          0x08001071   Thumb Code    28  usart.o(.text)
    USART1_ReceiveChar                       0x0800108d   Thumb Code    24  usart.o(.text)
    USART1_SendNum                           0x080010a5   Thumb Code   112  usart.o(.text)
    USART1_SendNum_0d0a                      0x08001115   Thumb Code   106  usart.o(.text)
    Key_init                                 0x08001189   Thumb Code    40  key.o(.text)
    KEY_Scan                                 0x080011b1   Thumb Code   120  key.o(.text)
    OV7670_Gpio_Init                         0x08001231   Thumb Code   224  ov7670.o(.text)
    SCCB_SID_change_in                       0x08001311   Thumb Code    30  ov7670.o(.text)
    SCCB_SID_change_out                      0x0800132f   Thumb Code    30  ov7670.o(.text)
    FIFO_Reset_Read_Addr                     0x0800134d   Thumb Code    24  ov7670.o(.text)
    startSCCB                                0x08001365   Thumb Code    68  ov7670.o(.text)
    stopSCCB                                 0x080013a9   Thumb Code    52  ov7670.o(.text)
    noAck                                    0x080013dd   Thumb Code    68  ov7670.o(.text)
    getAck                                   0x08001421   Thumb Code    94  ov7670.o(.text)
    SCCBwriteByte                            0x0800147f   Thumb Code    86  ov7670.o(.text)
    SCCBreadByte                             0x080014d5   Thumb Code    92  ov7670.o(.text)
    wr_Sensor_Reg                            0x08001531   Thumb Code    66  ov7670.o(.text)
    rd_Sensor_Reg                            0x08001573   Thumb Code    84  ov7670.o(.text)
    Sensor_init                              0x080015c7   Thumb Code    86  ov7670.o(.text)
    GPIO_DeInit                              0x08001629   Thumb Code   224  stm32f10x_gpio.o(.text)
    GPIO_AFIODeInit                          0x08001709   Thumb Code    20  stm32f10x_gpio.o(.text)
    GPIO_Init                                0x0800171d   Thumb Code   378  stm32f10x_gpio.o(.text)
    GPIO_StructInit                          0x08001897   Thumb Code    16  stm32f10x_gpio.o(.text)
    GPIO_ReadInputDataBit                    0x080018a7   Thumb Code   170  stm32f10x_gpio.o(.text)
    GPIO_ReadInputData                       0x08001951   Thumb Code    64  stm32f10x_gpio.o(.text)
    GPIO_ReadOutputDataBit                   0x08001991   Thumb Code   232  stm32f10x_gpio.o(.text)
    GPIO_ReadOutputData                      0x08001a79   Thumb Code    66  stm32f10x_gpio.o(.text)
    GPIO_SetBits                             0x08001abb   Thumb Code    86  stm32f10x_gpio.o(.text)
    GPIO_ResetBits                           0x08001b11   Thumb Code    86  stm32f10x_gpio.o(.text)
    GPIO_WriteBit                            0x08001b67   Thumb Code   188  stm32f10x_gpio.o(.text)
    GPIO_Write                               0x08001c23   Thumb Code    66  stm32f10x_gpio.o(.text)
    GPIO_PinLockConfig                       0x08001c65   Thumb Code   100  stm32f10x_gpio.o(.text)
    GPIO_EventOutputConfig                   0x08001cc9   Thumb Code   138  stm32f10x_gpio.o(.text)
    GPIO_EventOutputCmd                      0x08001d53   Thumb Code    30  stm32f10x_gpio.o(.text)
    GPIO_PinRemapConfig                      0x08001d71   Thumb Code   552  stm32f10x_gpio.o(.text)
    GPIO_EXTILineConfig                      0x08001f99   Thumb Code   186  stm32f10x_gpio.o(.text)
    GPIO_ETH_MediaInterfaceConfig            0x08002053   Thumb Code    30  stm32f10x_gpio.o(.text)
    RCC_DeInit                               0x0800208d   Thumb Code    64  stm32f10x_rcc.o(.text)
    RCC_HSEConfig                            0x080020cd   Thumb Code   100  stm32f10x_rcc.o(.text)
    RCC_GetFlagStatus                        0x08002131   Thumb Code   118  stm32f10x_rcc.o(.text)
    RCC_WaitForHSEStartUp                    0x080021a7   Thumb Code    56  stm32f10x_rcc.o(.text)
    RCC_AdjustHSICalibrationValue            0x080021df   Thumb Code    38  stm32f10x_rcc.o(.text)
    RCC_HSICmd                               0x08002205   Thumb Code    28  stm32f10x_rcc.o(.text)
    RCC_PLLConfig                            0x08002221   Thumb Code   152  stm32f10x_rcc.o(.text)
    RCC_PLLCmd                               0x080022b9   Thumb Code    28  stm32f10x_rcc.o(.text)
    RCC_SYSCLKConfig                         0x080022d5   Thumb Code    42  stm32f10x_rcc.o(.text)
    RCC_GetSYSCLKSource                      0x080022ff   Thumb Code    10  stm32f10x_rcc.o(.text)
    RCC_HCLKConfig                           0x08002309   Thumb Code    66  stm32f10x_rcc.o(.text)
    RCC_PCLK1Config                          0x0800234b   Thumb Code    58  stm32f10x_rcc.o(.text)
    RCC_PCLK2Config                          0x08002385   Thumb Code    60  stm32f10x_rcc.o(.text)
    RCC_ITConfig                             0x080023c1   Thumb Code    70  stm32f10x_rcc.o(.text)
    RCC_USBCLKConfig                         0x08002407   Thumb Code    30  stm32f10x_rcc.o(.text)
    RCC_ADCCLKConfig                         0x08002425   Thumb Code    52  stm32f10x_rcc.o(.text)
    RCC_LSEConfig                            0x08002459   Thumb Code   122  stm32f10x_rcc.o(.text)
    RCC_LSICmd                               0x080024d3   Thumb Code    30  stm32f10x_rcc.o(.text)
    RCC_RTCCLKConfig                         0x080024f1   Thumb Code    52  stm32f10x_rcc.o(.text)
    RCC_RTCCLKCmd                            0x08002525   Thumb Code    32  stm32f10x_rcc.o(.text)
    RCC_GetClocksFreq                        0x08002545   Thumb Code   208  stm32f10x_rcc.o(.text)
    RCC_AHBPeriphClockCmd                    0x08002615   Thumb Code    86  stm32f10x_rcc.o(.text)
    RCC_APB2PeriphClockCmd                   0x0800266b   Thumb Code    82  stm32f10x_rcc.o(.text)
    RCC_APB1PeriphClockCmd                   0x080026bd   Thumb Code    82  stm32f10x_rcc.o(.text)
    RCC_APB2PeriphResetCmd                   0x0800270f   Thumb Code    82  stm32f10x_rcc.o(.text)
    RCC_APB1PeriphResetCmd                   0x08002761   Thumb Code    82  stm32f10x_rcc.o(.text)
    RCC_BackupResetCmd                       0x080027b3   Thumb Code    32  stm32f10x_rcc.o(.text)
    RCC_ClockSecuritySystemCmd               0x080027d3   Thumb Code    30  stm32f10x_rcc.o(.text)
    RCC_MCOConfig                            0x080027f1   Thumb Code    44  stm32f10x_rcc.o(.text)
    RCC_ClearFlag                            0x0800281d   Thumb Code    18  stm32f10x_rcc.o(.text)
    RCC_GetITStatus                          0x0800282f   Thumb Code    64  stm32f10x_rcc.o(.text)
    RCC_ClearITPendingBit                    0x0800286f   Thumb Code    34  stm32f10x_rcc.o(.text)
    USART_DeInit                             0x080028b5   Thumb Code   174  stm32f10x_usart.o(.text)
    USART_Init                               0x08002963   Thumb Code   450  stm32f10x_usart.o(.text)
    USART_StructInit                         0x08002b25   Thumb Code    24  stm32f10x_usart.o(.text)
    USART_ClockInit                          0x08002b3d   Thumb Code   162  stm32f10x_usart.o(.text)
    USART_ClockStructInit                    0x08002bdf   Thumb Code    12  stm32f10x_usart.o(.text)
    USART_Cmd                                0x08002beb   Thumb Code    90  stm32f10x_usart.o(.text)
    USART_ITConfig                           0x08002c45   Thumb Code   316  stm32f10x_usart.o(.text)
    USART_DMACmd                             0x08002d81   Thumb Code   114  stm32f10x_usart.o(.text)
    USART_SetAddress                         0x08002df3   Thumb Code    86  stm32f10x_usart.o(.text)
    USART_WakeUpConfig                       0x08002e49   Thumb Code    90  stm32f10x_usart.o(.text)
    USART_ReceiverWakeUpCmd                  0x08002ea3   Thumb Code    94  stm32f10x_usart.o(.text)
    USART_LINBreakDetectLengthConfig         0x08002f01   Thumb Code    88  stm32f10x_usart.o(.text)
    USART_LINCmd                             0x08002f59   Thumb Code    94  stm32f10x_usart.o(.text)
    USART_SendData                           0x08002fb7   Thumb Code    78  stm32f10x_usart.o(.text)
    USART_ReceiveData                        0x08003005   Thumb Code    56  stm32f10x_usart.o(.text)
    USART_SendBreak                          0x0800303d   Thumb Code    58  stm32f10x_usart.o(.text)
    USART_SetGuardTime                       0x08003077   Thumb Code    54  stm32f10x_usart.o(.text)
    USART_SetPrescaler                       0x080030ad   Thumb Code    66  stm32f10x_usart.o(.text)
    USART_SmartCardCmd                       0x080030ef   Thumb Code   102  stm32f10x_usart.o(.text)
    USART_SmartCardNACKCmd                   0x08003155   Thumb Code    82  stm32f10x_usart.o(.text)
    USART_HalfDuplexCmd                      0x080031a7   Thumb Code    94  stm32f10x_usart.o(.text)
    USART_OverSampling8Cmd                   0x08003205   Thumb Code    92  stm32f10x_usart.o(.text)
    USART_OneBitMethodCmd                    0x08003261   Thumb Code    94  stm32f10x_usart.o(.text)
    USART_IrDAConfig                         0x080032bf   Thumb Code    88  stm32f10x_usart.o(.text)
    USART_IrDACmd                            0x08003317   Thumb Code    94  stm32f10x_usart.o(.text)
    USART_GetFlagStatus                      0x08003375   Thumb Code   164  stm32f10x_usart.o(.text)
    USART_ClearFlag                          0x08003419   Thumb Code   122  stm32f10x_usart.o(.text)
    USART_GetITStatus                        0x08003493   Thumb Code   280  stm32f10x_usart.o(.text)
    USART_ClearITPendingBit                  0x080035ab   Thumb Code   158  stm32f10x_usart.o(.text)
    NVIC_PriorityGroupConfig                 0x0800365d   Thumb Code    54  misc.o(.text)
    NVIC_Init                                0x08003693   Thumb Code   158  misc.o(.text)
    NVIC_SetVectorTable                      0x08003731   Thumb Code    60  misc.o(.text)
    NVIC_SystemLPConfig                      0x0800376d   Thumb Code    78  misc.o(.text)
    SysTick_CLKSourceConfig                  0x080037bb   Thumb Code    62  misc.o(.text)
    TIM_DeInit                               0x08003829   Thumb Code   536  stm32f10x_tim.o(.text)
    TIM_TimeBaseInit                         0x08003a41   Thumb Code   308  stm32f10x_tim.o(.text)
    TIM_OC1Init                              0x08003b75   Thumb Code   548  stm32f10x_tim.o(.text)
    TIM_OC2Init                              0x08003d99   Thumb Code   438  stm32f10x_tim.o(.text)
    TIM_OC3Init                              0x08003f4f   Thumb Code   458  stm32f10x_tim.o(.text)
    TIM_OC4Init                              0x08004119   Thumb Code   302  stm32f10x_tim.o(.text)
    TIM_SetIC4Prescaler                      0x08004247   Thumb Code   110  stm32f10x_tim.o(.text)
    TIM_SetIC3Prescaler                      0x08004337   Thumb Code   102  stm32f10x_tim.o(.text)
    TIM_SetIC2Prescaler                      0x08004417   Thumb Code   128  stm32f10x_tim.o(.text)
    TIM_SetIC1Prescaler                      0x0800453b   Thumb Code   156  stm32f10x_tim.o(.text)
    TIM_ICInit                               0x08004643   Thumb Code   602  stm32f10x_tim.o(.text)
    TIM_PWMIConfig                           0x0800489d   Thumb Code   250  stm32f10x_tim.o(.text)
    TIM_BDTRConfig                           0x08004997   Thumb Code   254  stm32f10x_tim.o(.text)
    TIM_TimeBaseStructInit                   0x08004a95   Thumb Code    18  stm32f10x_tim.o(.text)
    TIM_OCStructInit                         0x08004aa7   Thumb Code    20  stm32f10x_tim.o(.text)
    TIM_ICStructInit                         0x08004abb   Thumb Code    18  stm32f10x_tim.o(.text)
    TIM_BDTRStructInit                       0x08004acd   Thumb Code    18  stm32f10x_tim.o(.text)
    TIM_Cmd                                  0x08004adf   Thumb Code   166  stm32f10x_tim.o(.text)
    TIM_CtrlPWMOutputs                       0x08004b85   Thumb Code   100  stm32f10x_tim.o(.text)
    TIM_ITConfig                             0x08004be9   Thumb Code   178  stm32f10x_tim.o(.text)
    TIM_GenerateEvent                        0x08004c9b   Thumb Code   144  stm32f10x_tim.o(.text)
    TIM_DMAConfig                            0x08004d2b   Thumb Code   358  stm32f10x_tim.o(.text)
    TIM_DMACmd                               0x08004e91   Thumb Code   144  stm32f10x_tim.o(.text)
    TIM_InternalClockConfig                  0x08004f21   Thumb Code    82  stm32f10x_tim.o(.text)
    TIM_SelectInputTrigger                   0x08004f73   Thumb Code   130  stm32f10x_tim.o(.text)
    TIM_ITRxExternalClockConfig              0x08004ff5   Thumb Code   116  stm32f10x_tim.o(.text)
    TIM_TIxExternalClockConfig               0x08005069   Thumb Code   186  stm32f10x_tim.o(.text)
    TIM_ETRConfig                            0x08005123   Thumb Code   164  stm32f10x_tim.o(.text)
    TIM_ETRClockMode1Config                  0x080051c7   Thumb Code   226  stm32f10x_tim.o(.text)
    TIM_ETRClockMode2Config                  0x080052a9   Thumb Code   152  stm32f10x_tim.o(.text)
    TIM_PrescalerConfig                      0x08005341   Thumb Code   146  stm32f10x_tim.o(.text)
    TIM_CounterModeConfig                    0x080053d3   Thumb Code   100  stm32f10x_tim.o(.text)
    TIM_EncoderInterfaceConfig               0x08005437   Thumb Code   212  stm32f10x_tim.o(.text)
    TIM_ForcedOC1Config                      0x0800550b   Thumb Code   144  stm32f10x_tim.o(.text)
    TIM_ForcedOC2Config                      0x0800559b   Thumb Code   116  stm32f10x_tim.o(.text)
    TIM_ForcedOC3Config                      0x0800560f   Thumb Code   160  stm32f10x_tim.o(.text)
    TIM_ForcedOC4Config                      0x080056af   Thumb Code    98  stm32f10x_tim.o(.text)
    TIM_ARRPreloadConfig                     0x08005711   Thumb Code   162  stm32f10x_tim.o(.text)
    TIM_SelectCOM                            0x080057b3   Thumb Code    90  stm32f10x_tim.o(.text)
    TIM_SelectCCDMA                          0x0800580d   Thumb Code   114  stm32f10x_tim.o(.text)
    TIM_CCPreloadControl                     0x0800587f   Thumb Code   102  stm32f10x_tim.o(.text)
    TIM_OC1PreloadConfig                     0x080058e5   Thumb Code   142  stm32f10x_tim.o(.text)
    TIM_OC2PreloadConfig                     0x08005973   Thumb Code   114  stm32f10x_tim.o(.text)
    TIM_OC3PreloadConfig                     0x080059e5   Thumb Code    88  stm32f10x_tim.o(.text)
    TIM_OC4PreloadConfig                     0x08005a3d   Thumb Code   166  stm32f10x_tim.o(.text)
    TIM_OC1FastConfig                        0x08005ae3   Thumb Code   142  stm32f10x_tim.o(.text)
    TIM_OC2FastConfig                        0x08005b71   Thumb Code   114  stm32f10x_tim.o(.text)
    TIM_OC3FastConfig                        0x08005be3   Thumb Code    88  stm32f10x_tim.o(.text)
    TIM_OC4FastConfig                        0x08005c3b   Thumb Code    96  stm32f10x_tim.o(.text)
    TIM_ClearOC1Ref                          0x08005c9b   Thumb Code    88  stm32f10x_tim.o(.text)
    TIM_ClearOC2Ref                          0x08005cf3   Thumb Code    94  stm32f10x_tim.o(.text)
    TIM_ClearOC3Ref                          0x08005d51   Thumb Code    88  stm32f10x_tim.o(.text)
    TIM_ClearOC4Ref                          0x08005da9   Thumb Code    94  stm32f10x_tim.o(.text)
    TIM_OC1PolarityConfig                    0x08005e07   Thumb Code   202  stm32f10x_tim.o(.text)
    TIM_OC1NPolarityConfig                   0x08005ed1   Thumb Code    82  stm32f10x_tim.o(.text)
    TIM_OC2PolarityConfig                    0x08005f23   Thumb Code   114  stm32f10x_tim.o(.text)
    TIM_OC2NPolarityConfig                   0x08005f95   Thumb Code    72  stm32f10x_tim.o(.text)
    TIM_OC3PolarityConfig                    0x08005fdd   Thumb Code    96  stm32f10x_tim.o(.text)
    TIM_OC3NPolarityConfig                   0x0800603d   Thumb Code    72  stm32f10x_tim.o(.text)
    TIM_OC4PolarityConfig                    0x08006085   Thumb Code    96  stm32f10x_tim.o(.text)
    TIM_CCxCmd                               0x080060e5   Thumb Code   186  stm32f10x_tim.o(.text)
    TIM_CCxNCmd                              0x0800619f   Thumb Code   122  stm32f10x_tim.o(.text)
    TIM_SelectOCxM                           0x08006219   Thumb Code   326  stm32f10x_tim.o(.text)
    TIM_UpdateDisableConfig                  0x0800635f   Thumb Code   162  stm32f10x_tim.o(.text)
    TIM_UpdateRequestConfig                  0x08006401   Thumb Code   162  stm32f10x_tim.o(.text)
    TIM_SelectHallSensor                     0x080064a3   Thumb Code   114  stm32f10x_tim.o(.text)
    TIM_SelectOnePulseMode                   0x08006515   Thumb Code   156  stm32f10x_tim.o(.text)
    TIM_SelectOutputTrigger                  0x080065b1   Thumb Code   144  stm32f10x_tim.o(.text)
    TIM_SelectSlaveMode                      0x08006641   Thumb Code   118  stm32f10x_tim.o(.text)
    TIM_SelectMasterSlaveMode                0x080066b7   Thumb Code   176  stm32f10x_tim.o(.text)
    TIM_SetCounter                           0x08006767   Thumb Code   124  stm32f10x_tim.o(.text)
    TIM_SetAutoreload                        0x080067e3   Thumb Code   124  stm32f10x_tim.o(.text)
    TIM_SetCompare1                          0x0800685f   Thumb Code   112  stm32f10x_tim.o(.text)
    TIM_SetCompare2                          0x080068cf   Thumb Code    76  stm32f10x_tim.o(.text)
    TIM_SetCompare3                          0x0800691b   Thumb Code    58  stm32f10x_tim.o(.text)
    TIM_SetCompare4                          0x08006955   Thumb Code    60  stm32f10x_tim.o(.text)
    TIM_SetClockDivision                     0x08006991   Thumb Code   152  stm32f10x_tim.o(.text)
    TIM_GetCapture1                          0x08006a29   Thumb Code   110  stm32f10x_tim.o(.text)
    TIM_GetCapture2                          0x08006a97   Thumb Code    74  stm32f10x_tim.o(.text)
    TIM_GetCapture3                          0x08006ae1   Thumb Code   124  stm32f10x_tim.o(.text)
    TIM_GetCapture4                          0x08006b5d   Thumb Code    58  stm32f10x_tim.o(.text)
    TIM_GetCounter                           0x08006b97   Thumb Code   122  stm32f10x_tim.o(.text)
    TIM_GetPrescaler                         0x08006c11   Thumb Code   122  stm32f10x_tim.o(.text)
    TIM_GetFlagStatus                        0x08006c8b   Thumb Code   206  stm32f10x_tim.o(.text)
    TIM_ClearFlag                            0x08006d59   Thumb Code   146  stm32f10x_tim.o(.text)
    TIM_GetITStatus                          0x08006deb   Thumb Code   204  stm32f10x_tim.o(.text)
    TIM_ClearITPendingBit                    0x08006eb7   Thumb Code   214  stm32f10x_tim.o(.text)
    SystemInit                               0x0800706b   Thumb Code    78  system_stm32f10x.o(.text)
    SystemCoreClockUpdate                    0x080070b9   Thumb Code   142  system_stm32f10x.o(.text)
    __aeabi_fadd                             0x0800716d   Thumb Code   164  fadd.o(.text)
    __aeabi_fsub                             0x08007211   Thumb Code     6  fadd.o(.text)
    __aeabi_frsub                            0x08007217   Thumb Code     6  fadd.o(.text)
    __aeabi_fmul                             0x0800721d   Thumb Code   100  fmul.o(.text)
    __aeabi_fdiv                             0x08007281   Thumb Code   124  fdiv.o(.text)
    __aeabi_i2f                              0x080072fd   Thumb Code    18  fflti.o(.text)
    __aeabi_ui2f                             0x0800730f   Thumb Code    10  ffltui.o(.text)
    __aeabi_cfcmpeq                          0x08007319   Thumb Code     0  cfcmple.o(.text)
    __aeabi_cfcmple                          0x08007319   Thumb Code    20  cfcmple.o(.text)
    __aeabi_cfrcmple                         0x0800732d   Thumb Code    20  cfrcmple.o(.text)
    __I$use$fp                               0x08007341   Thumb Code     0  iusefp.o(.text)
    _float_round                             0x08007341   Thumb Code    18  fepilogue.o(.text)
    _float_epilogue                          0x08007353   Thumb Code    92  fepilogue.o(.text)
    __scatterload                            0x080073b1   Thumb Code    28  init.o(.text)
    __scatterload_rt2                        0x080073b1   Thumb Code     0  init.o(.text)
    __0printf$bare                           0x080073d5   Thumb Code     8  printfb.o(i.__0printf$bare)
    __1printf$bare                           0x080073d5   Thumb Code     0  printfb.o(i.__0printf$bare)
    __2printf                                0x080073d5   Thumb Code     0  printfb.o(i.__0printf$bare)
    __scatterload_copy                       0x080073e5   Thumb Code    14  handlers.o(i.__scatterload_copy)
    __scatterload_null                       0x080073f3   Thumb Code     2  handlers.o(i.__scatterload_null)
    __scatterload_zeroinit                   0x080073f5   Thumb Code    14  handlers.o(i.__scatterload_zeroinit)
    asc2_1608                                0x08007424   Data        1520  lcd.o(.constdata)
    OV7670_reg                               0x08007a14   Data         368  ov7670.o(.constdata)
    Region$$Table$$Base                      0x08007b84   Number         0  anon$$obj.o(Region$$Table)
    Region$$Table$$Limit                     0x08007ba4   Number         0  anon$$obj.o(Region$$Table)
    cur_status                               0x20000000   Data           1  main.o(.data)
    LED_flag                                 0x20000001   Data           1  main.o(.data)
    AA                                       0x20000002   Data           2  main.o(.data)
    BB                                       0x20000004   Data           2  main.o(.data)
    color                                    0x20000006   Data           2  main.o(.data)
    color_save                               0x20000008   Data           2  main.o(.data)
    R                                        0x2000000a   Data           1  main.o(.data)
    G                                        0x2000000b   Data           1  main.o(.data)
    B                                        0x2000000c   Data           1  main.o(.data)
    Max_ChangePoint_240                      0x2000000d   Data           1  main.o(.data)
    Min_ChangePoint_240                      0x2000000e   Data           1  main.o(.data)
    Max_bChangePoint                         0x2000000f   Data           1  main.o(.data)
    Min_bChangePoint                         0x20000010   Data           1  main.o(.data)
    a_Continue                               0x20000011   Data           1  main.o(.data)
    b_Continue                               0x20000012   Data           1  main.o(.data)
    flag_aMax                                0x20000013   Data           1  main.o(.data)
    Max_aChangePoint_reset                   0x20000014   Data           1  main.o(.data)
    Min_aChangePoint_reset                   0x20000015   Data           1  main.o(.data)
    Length_card                              0x20000016   Data           2  main.o(.data)
    Width_card                               0x20000018   Data           2  main.o(.data)
    Max_aChangePoint_reset_1                 0x2000001a   Data           1  main.o(.data)
    Min_aChangePoint_reset_1                 0x2000001b   Data           1  main.o(.data)
    flag_MaxMinCompare                       0x2000001c   Data           1  main.o(.data)
    V                                        0x20000020   Data           4  main.o(.data)
    S                                        0x20000024   Data           4  main.o(.data)
    H                                        0x20000028   Data           4  main.o(.data)
    Min_blue                                 0x2000002c   Data           2  main.o(.data)
    Max_blue                                 0x2000002e   Data           2  main.o(.data)
    k1                                       0x20000030   Data           2  main.o(.data)
    kk1                                      0x20000032   Data           2  main.o(.data)
    k2                                       0x20000034   Data           2  main.o(.data)
    kk2                                      0x20000036   Data           2  main.o(.data)
    k3                                       0x20000038   Data           2  main.o(.data)
    kk3                                      0x2000003a   Data           2  main.o(.data)
    k4                                       0x2000003c   Data           2  main.o(.data)
    kk4                                      0x2000003e   Data           2  main.o(.data)
    k5                                       0x20000040   Data           2  main.o(.data)
    kk5                                      0x20000042   Data           2  main.o(.data)
    k6                                       0x20000044   Data           2  main.o(.data)
    kk6                                      0x20000046   Data           2  main.o(.data)
    k7                                       0x20000048   Data           2  main.o(.data)
    kk7                                      0x2000004a   Data           2  main.o(.data)
    k8                                       0x2000004c   Data           2  main.o(.data)
    kk8                                      0x2000004e   Data           2  main.o(.data)
    R_a                                      0x20000050   Data           1  main.o(.data)
    G_a                                      0x20000051   Data           1  main.o(.data)
    B_a                                      0x20000052   Data           1  main.o(.data)
    table_char                               0x20000053   Data          36  main.o(.data)
    table_char_char                          0x20000077   Data          36  main.o(.data)
    tim3_num                                 0x2000009b   Data           1  main.o(.data)
    table_cardMeasure                        0x2000009c   Data           7  main.o(.data)
    SystemCoreClock                          0x200000b8   Data           4  system_stm32f10x.o(.data)
    AHBPrescTable                            0x200000bc   Data          16  system_stm32f10x.o(.data)
    __stdout                                 0x200000cc   Data           4  stdout.o(.data)
    TIM_TimeBaseStructure                    0x200000d0   Data          10  main.o(.bss)
    TableChangePoint_240                     0x200000da   Data         240  main.o(.bss)
    TableChangePoint_320                     0x200001ca   Data         320  main.o(.bss)
    table_picture                            0x2000030a   Data         150  main.o(.bss)
    table_card                               0x200003a0   Data          40  main.o(.bss)
    __initial_sp                             0x200007c8   Data           0  startup_stm32f10x_md.o(STACK)



==============================================================================

Memory Map of the image

  Image Entry point : 0x080000ed

  Load Region LR_IROM1 (Base: 0x08000000, Size: 0x00007c74, Max: 0x00020000, ABSOLUTE)

    Execution Region ER_IROM1 (Exec base: 0x08000000, Load base: 0x08000000, Size: 0x00007ba4, Max: 0x00020000, ABSOLUTE)

    Exec Addr    Load Addr    Size         Type   Attr      Idx    E Section Name        Object

    0x08000000   0x08000000   0x000000ec   Data   RO          135    RESET               startup_stm32f10x_md.o
    0x080000ec   0x080000ec   0x00000000   Code   RO          410  * .ARM.Collect$$$$00000000  mc_w.l(entry.o)
    0x080000ec   0x080000ec   0x00000004   Code   RO          687    .ARM.Collect$$$$00000001  mc_w.l(entry2.o)
    0x080000f0   0x080000f0   0x00000004   Code   RO          690    .ARM.Collect$$$$00000004  mc_w.l(entry5.o)
    0x080000f4   0x080000f4   0x00000000   Code   RO          692    .ARM.Collect$$$$00000008  mc_w.l(entry7b.o)
    0x080000f4   0x080000f4   0x00000000   Code   RO          694    .ARM.Collect$$$$0000000A  mc_w.l(entry8b.o)
    0x080000f4   0x080000f4   0x00000008   Code   RO          695    .ARM.Collect$$$$0000000B  mc_w.l(entry9a.o)
    0x080000fc   0x080000fc   0x00000004   Code   RO          702    .ARM.Collect$$$$0000000E  mc_w.l(entry12b.o)
    0x08000100   0x08000100   0x00000000   Code   RO          697    .ARM.Collect$$$$0000000F  mc_w.l(entry10a.o)
    0x08000100   0x08000100   0x00000000   Code   RO          699    .ARM.Collect$$$$00000011  mc_w.l(entry11a.o)
    0x08000100   0x08000100   0x00000004   Code   RO          688    .ARM.Collect$$$$00002712  mc_w.l(entry2.o)
    0x08000104   0x08000104   0x0000068c   Code   RO            1    .text               main.o
    0x08000790   0x08000790   0x00000024   Code   RO          136    .text               startup_stm32f10x_md.o
    0x080007b4   0x080007b4   0x000006f0   Code   RO          147    .text               lcd.o
    0x08000ea4   0x08000ea4   0x000000b4   Code   RO          165    .text               delay.o
    0x08000f58   0x08000f58   0x00000004   Code   RO          177    .text               debug.o
    0x08000f5c   0x08000f5c   0x00000054   Code   RO          189    .text               led.o
    0x08000fb0   0x08000fb0   0x000001d8   Code   RO          201    .text               usart.o
    0x08001188   0x08001188   0x000000a8   Code   RO          217    .text               key.o
    0x08001230   0x08001230   0x000003f8   Code   RO          230    .text               ov7670.o
    0x08001628   0x08001628   0x00000a64   Code   RO          278    .text               stm32f10x_gpio.o
    0x0800208c   0x0800208c   0x00000828   Code   RO          290    .text               stm32f10x_rcc.o
    0x080028b4   0x080028b4   0x00000da8   Code   RO          316    .text               stm32f10x_usart.o
    0x0800365c   0x0800365c   0x000001cc   Code   RO          340    .text               misc.o
    0x08003828   0x08003828   0x00003764   Code   RO          352    .text               stm32f10x_tim.o
    0x08006f8c   0x08006f8c   0x000001e0   Code   RO          374    .text               system_stm32f10x.o
    0x0800716c   0x0800716c   0x000000b0   Code   RO          673    .text               mf_w.l(fadd.o)
    0x0800721c   0x0800721c   0x00000064   Code   RO          675    .text               mf_w.l(fmul.o)
    0x08007280   0x08007280   0x0000007c   Code   RO          677    .text               mf_w.l(fdiv.o)
    0x080072fc   0x080072fc   0x00000012   Code   RO          679    .text               mf_w.l(fflti.o)
    0x0800730e   0x0800730e   0x0000000a   Code   RO          681    .text               mf_w.l(ffltui.o)
    0x08007318   0x08007318   0x00000014   Code   RO          683    .text               mf_w.l(cfcmple.o)
    0x0800732c   0x0800732c   0x00000014   Code   RO          685    .text               mf_w.l(cfrcmple.o)
    0x08007340   0x08007340   0x00000000   Code   RO          708    .text               mc_w.l(iusefp.o)
    0x08007340   0x08007340   0x0000006e   Code   RO          709    .text               mf_w.l(fepilogue.o)
    0x080073ae   0x080073ae   0x00000002   PAD
    0x080073b0   0x080073b0   0x00000024   Code   RO          721    .text               mc_w.l(init.o)
    0x080073d4   0x080073d4   0x00000010   Code   RO          414    i.__0printf$bare    mc_w.l(printfb.o)
    0x080073e4   0x080073e4   0x0000000e   Code   RO          733    i.__scatterload_copy  mc_w.l(handlers.o)
    0x080073f2   0x080073f2   0x00000002   Code   RO          734    i.__scatterload_null  mc_w.l(handlers.o)
    0x080073f4   0x080073f4   0x0000000e   Code   RO          735    i.__scatterload_zeroinit  mc_w.l(handlers.o)
    0x08007402   0x08007402   0x00000022   Code   RO          421    i._printf_core      mc_w.l(printfb.o)
    0x08007424   0x08007424   0x000005f0   Data   RO          148    .constdata          lcd.o
    0x08007a14   0x08007a14   0x00000170   Data   RO          231    .constdata          ov7670.o
    0x08007b84   0x08007b84   0x00000020   Data   RO          731    Region$$Table       anon$$obj.o


    Execution Region RW_IRAM1 (Exec base: 0x20000000, Load base: 0x08007ba4, Size: 0x000007c8, Max: 0x00005000, ABSOLUTE)

    Exec Addr    Load Addr    Size         Type   Attr      Idx    E Section Name        Object

    0x20000000   0x08007ba4   0x000000a3   Data   RW            3    .data               main.o
    0x200000a3   0x08007c47   0x00000001   Data   RW          218    .data               key.o
    0x200000a4   0x08007c48   0x00000014   Data   RW          291    .data               stm32f10x_rcc.o
    0x200000b8   0x08007c5c   0x00000014   Data   RW          375    .data               system_stm32f10x.o
    0x200000cc   0x08007c70   0x00000004   Data   RW          703    .data               mc_w.l(stdout.o)
    0x200000d0        -       0x000002f8   Zero   RW            2    .bss                main.o
    0x200003c8        -       0x00000400   Zero   RW          133    STACK               startup_stm32f10x_md.o


==============================================================================

Image component sizes


      Code (inc. data)   RO Data    RW Data    ZI Data      Debug   Object Name

         4          0          0          0          0        828   debug.o
       180          0          0          0          0       1234   delay.o
       168          8          0          1          0        784   key.o
      1776         26       1520          0          0       4971   lcd.o
        84         10          0          0          0        539   led.o
      1676        120          0        163        760     257361   main.o
       460         48          0          0          0       2093   misc.o
      1016         12        368          0          0       3951   ov7670.o
        36          8        236          0       1024        828   startup_stm32f10x_md.o
      2660        182          0          0          0       7373   stm32f10x_gpio.o
      2088         84          0         20          0      10404   stm32f10x_rcc.o
     14180        814          0          0          0      31740   stm32f10x_tim.o
      3496        122          0          0          0      10736   stm32f10x_usart.o
       480         38          0         20          0       1923   system_stm32f10x.o
       472         10          0          0          0       3714   usart.o

    ----------------------------------------------------------------------
     28776       1482       2156        204       1784     338479   Object Totals
         0          0         32          0          0          0   (incl. Generated)
         0          0          0          0          0          0   (incl. Padding)

    ----------------------------------------------------------------------

      Code (inc. data)   RO Data    RW Data    ZI Data      Debug   Library Member Name

         0          0          0          0          0          0   entry.o
         0          0          0          0          0          0   entry10a.o
         0          0          0          0          0          0   entry11a.o
         4          0          0          0          0          0   entry12b.o
         8          4          0          0          0          0   entry2.o
         4          0          0          0          0          0   entry5.o
         0          0          0          0          0          0   entry7b.o
         0          0          0          0          0          0   entry8b.o
         8          4          0          0          0          0   entry9a.o
        30          0          0          0          0          0   handlers.o
        36          8          0          0          0         68   init.o
         0          0          0          0          0          0   iusefp.o
        50          8          0          0          0        152   printfb.o
         0          0          0          4          0          0   stdout.o
        20          0          0          0          0         68   cfcmple.o
        20          0          0          0          0         68   cfrcmple.o
       176          0          0          0          0        140   fadd.o
       124          0          0          0          0         88   fdiv.o
       110          0          0          0          0        168   fepilogue.o
        18          0          0          0          0         68   fflti.o
        10          0          0          0          0         68   ffltui.o
       100          0          0          0          0         76   fmul.o

    ----------------------------------------------------------------------
       720         24          0          4          0        964   Library Totals
         2          0          0          0          0          0   (incl. Padding)

    ----------------------------------------------------------------------

      Code (inc. data)   RO Data    RW Data    ZI Data      Debug   Library Name

       140         24          0          4          0        220   mc_w.l
       578          0          0          0          0        744   mf_w.l

    ----------------------------------------------------------------------
       720         24          0          4          0        964   Library Totals

    ----------------------------------------------------------------------

==============================================================================


      Code (inc. data)   RO Data    RW Data    ZI Data      Debug   

     29496       1506       2156        208       1784     338243   Grand Totals
     29496       1506       2156        208       1784     338243   ELF Image Totals
     29496       1506       2156        208          0          0   ROM Totals

==============================================================================

    Total RO  Size (Code + RO Data)                31652 (  30.91kB)
    Total RW  Size (RW Data + ZI Data)              1992 (   1.95kB)
    Total ROM Size (Code + RO Data + RW Data)      31860 (  31.11kB)

==============================================================================

