<html>
<body>
<pre>
<h1>礦ision Build Log</h1>
<h2>Tool Versions:</h2>
IDE-Version: μVision V5.36.0.0
Copyright (C) 2021 ARM Ltd and ARM Germany GmbH. All rights reserved.
License Information: 11 Kevin Fu, 11, LIC=X96CK-ZB162-Z9RG9-4P3VS-2GW9I-C975H
 
Tool Versions:
Toolchain:       MDK-ARM Plus  Version: 5.36.0.0
Toolchain Path:  D:\Keil5.36\ARM\ARMCC\Bin
C Compiler:      Armcc.exe V5.06 update 7 (build 960)
Assembler:       Armasm.exe V5.06 update 7 (build 960)
Linker/Locator:  ArmLink.exe V5.06 update 7 (build 960)
Library Manager: ArmAr.exe V5.06 update 7 (build 960)
Hex Converter:   FromElf.exe V5.06 update 7 (build 960)
CPU DLL:         SARMCM3.DLL V5.36.0.0
Dialog DLL:      DARMSTM.DLL V1.68.0.0
Target DLL:      STLink\ST-LINKIII-KEIL_SWO.dll V3.0.9.0
Dialog DLL:      TARMSTM.DLL V1.66.0.0
 
<h2>Project:</h2>
F:\1产业工程\电控\6.项目实例\17.STM32单片机把OV7670的图片上传到电脑\1.源代码\user\GPIO控制.uvprojx
Project File Date:  04/17/2023

<h2>Output:</h2>
*** Using Compiler 'V5.06 update 7 (build 960)', folder: 'D:\Keil5.36\ARM\ARMCC\Bin'
Rebuild target 'Target 1'
assembling startup_stm32f10x_md.s...
compiling stm32f10x_it.c...
..\CMSIS\stm32f10x.h(60): warning:  #47-D: incompatible redefinition of macro "USE_STDPERIPH_DRIVER" 
  #define USE_STDPERIPH_DRIVER    //me
..\Library\src\stm32f10x_it.c: 1 warning, 0 errors
compiling delay.c...
..\CMSIS\stm32f10x.h(60): warning:  #47-D: incompatible redefinition of macro "USE_STDPERIPH_DRIVER" 
  #define USE_STDPERIPH_DRIVER    //me
..\Utilities\inc\delay.h(21): warning:  #1-D: last line of file ends without a newline
  #endif 
..\Utilities\src\delay.c: 2 warnings, 0 errors
compiling debug.c...
..\CMSIS\stm32f10x.h(60): warning:  #47-D: incompatible redefinition of macro "USE_STDPERIPH_DRIVER" 
  #define USE_STDPERIPH_DRIVER    //me
..\Utilities\src\debug.c: 1 warning, 0 errors
compiling led.c...
..\CMSIS\stm32f10x.h(60): warning:  #47-D: incompatible redefinition of macro "USE_STDPERIPH_DRIVER" 
  #define USE_STDPERIPH_DRIVER    //me
..\Utilities\inc\led.h(21): warning:  #1-D: last line of file ends without a newline
  #endif 
..\Utilities\src\led.c: 2 warnings, 0 errors
compiling key.c...
..\CMSIS\stm32f10x.h(60): warning:  #47-D: incompatible redefinition of macro "USE_STDPERIPH_DRIVER" 
  #define USE_STDPERIPH_DRIVER    //me
..\Utilities\inc\delay.h(21): warning:  #1-D: last line of file ends without a newline
  #endif 
key.c: 2 warnings, 0 errors
compiling main.c...
..\CMSIS\stm32f10x.h(60): warning:  #47-D: incompatible redefinition of macro "USE_STDPERIPH_DRIVER" 
  #define USE_STDPERIPH_DRIVER    //me
..\Utilities\inc\led.h(21): warning:  #1-D: last line of file ends without a newline
  #endif 
..\Utilities\inc\delay.h(21): warning:  #1-D: last line of file ends without a newline
  #endif 
..\Utilities\inc\lcd.h(28): warning:  #1-D: last line of file ends without a newline
  #endif /* __LTK_GPIO_H */
..\Utilities\inc\lcd.h(28): warning:  #1-D: last line of file ends without a newline
  #endif /* __LTK_GPIO_H */
..\Utilities\inc\ov7670.h(8): warning:  #1295-D: Deprecated declaration OV7670_Gpio_Init - give arg types
  void OV7670_Gpio_Init();
..\Utilities\inc\ov7670.h(9): warning:  #1295-D: Deprecated declaration SCCB_SID_change_in - give arg types
  void SCCB_SID_change_in();//引脚切换为输入
..\Utilities\inc\ov7670.h(10): warning:  #1295-D: Deprecated declaration SCCB_SID_change_out - give arg types
  void SCCB_SID_change_out();//引脚切换为输出
..\Utilities\inc\ov7670.h(17): warning:  #1295-D: Deprecated declaration getAck - give arg types
  unsigned char getAck();
..\Utilities\inc\string.h(6): warning:  #1-D: last line of file ends without a newline
  #endif 
main.c(59): warning:  #1295-D: Deprecated declaration Show_Title - give arg types
  void Show_Title();//显示标题
main.c(107): warning:  #188-D: enumerated type mixed with another type
  	GPIO_WriteBit(LED1_GPIO_PORT, LED1_GPIO_PIN,LED_flag>>7);
main.c(115): warning:  #188-D: enumerated type mixed with another type
  	GPIO_WriteBit(LCD_RS_PORT, LCD_RS_PIN,1);//标志：数据写入
main.c(118): warning:  #188-D: enumerated type mixed with another type
  	GPIO_WriteBit(FIFO_WRST_PORT, FIFO_WRST_PIN, 0);    //FIFO写指针复位
main.c(119): warning:  #188-D: enumerated type mixed with another type
  	GPIO_WriteBit(FIFO_WRST_PORT, FIFO_WRST_PIN, 1);    //
main.c(120): warning:  #188-D: enumerated type mixed with another type
  	GPIO_WriteBit(FIFO_WR_PORT, FIFO_WR_PIN, 1);        //FIFO写使能
main.c(123): warning:  #188-D: enumerated type mixed with another type
  	GPIO_WriteBit(FIFO_WR_PORT, FIFO_WR_PIN, 0); //FIFO写禁止
main.c(157): warning:  #188-D: enumerated type mixed with another type
  	GPIO_WriteBit(LCD_RS_PORT, LCD_RS_PIN,1);//标志：数据写入
main.c(160): warning:  #188-D: enumerated type mixed with another type
  	GPIO_WriteBit(FIFO_WRST_PORT, FIFO_WRST_PIN, 0);    //FIFO写指针复位
main.c(161): warning:  #188-D: enumerated type mixed with another type
  	GPIO_WriteBit(FIFO_WRST_PORT, FIFO_WRST_PIN, 1);    //
main.c(162): warning:  #188-D: enumerated type mixed with another type
  	GPIO_WriteBit(FIFO_WR_PORT, FIFO_WR_PIN, 1);        //FIFO写使能
main.c(165): warning:  #188-D: enumerated type mixed with another type
  	GPIO_WriteBit(FIFO_WR_PORT, FIFO_WR_PIN, 0); //FIFO写禁止
main.c(171): warning:  #177-D: variable "pixel1"  was declared but never referenced
  	u8 pixel1, pixel2;
main.c(171): warning:  #177-D: variable "pixel2"  was declared but never referenced
  	u8 pixel1, pixel2;
main.c(172): warning:  #177-D: variable "j"  was declared but never referenced
  	u32 j=0;
main.c(282): warning:  #188-D: enumerated type mixed with another type
  	GPIO_WriteBit(FIFO_OE_PORT, FIFO_OE_PIN, 0);
main.c(287): warning:  #223-D: function "printf" declared implicitly
  	printf("Welecom\r\n");
main.c(312): warning:  #188-D: enumerated type mixed with another type
  			GPIO_WriteBit(FIFO_WR_PORT, FIFO_WR_PIN, 0); //FIFO写禁止
main.c(317): warning:  #188-D: enumerated type mixed with another type
  				{GPIO_WriteBit(FIFO_WR_PORT, FIFO_WR_PIN, 1);        //FIFO写使能
main.c(273): warning:  #550-D: variable "num"  was set but never used
  	unsigned int num=0;
main.c(274): warning:  #177-D: variable "flag"  was declared but never referenced
  	int flag = 0;
main.c: 31 warnings, 0 errors
compiling lcd.c...
..\CMSIS\stm32f10x.h(60): warning:  #47-D: incompatible redefinition of macro "USE_STDPERIPH_DRIVER" 
  #define USE_STDPERIPH_DRIVER    //me
..\Utilities\inc\lcd.h(28): warning:  #1-D: last line of file ends without a newline
  #endif /* __LTK_GPIO_H */
..\Utilities\inc\lcd.h(28): warning:  #1-D: last line of file ends without a newline
  #endif /* __LTK_GPIO_H */
..\Utilities\inc\delay.h(21): warning:  #1-D: last line of file ends without a newline
  #endif 
..\Utilities\src\lcd.c(42): warning:  #188-D: enumerated type mixed with another type
  	GPIO_WriteBit(LCD_RD_PORT, LCD_RD_PIN,1);
..\Utilities\src\lcd.c(43): warning:  #188-D: enumerated type mixed with another type
  	GPIO_WriteBit(LCD_WR_PORT, LCD_WR_PIN,1);
..\Utilities\src\lcd.c(44): warning:  #188-D: enumerated type mixed with another type
  	GPIO_WriteBit(LCD_RS_PORT, LCD_RS_PIN,1);
..\Utilities\src\lcd.c(45): warning:  #188-D: enumerated type mixed with another type
  	GPIO_WriteBit(LCD_CS_PORT, LCD_CS_PIN,0);//片选，拉低有效
..\Utilities\src\lcd.c(50): warning:  #188-D: enumerated type mixed with another type
  	GPIO_WriteBit(LCD_WR_PORT, LCD_WR_PIN,0);
..\Utilities\src\lcd.c(51): warning:  #188-D: enumerated type mixed with another type
  	GPIO_WriteBit(LCD_WR_PORT, LCD_WR_PIN,1);
..\Utilities\src\lcd.c(55): warning:  #188-D: enumerated type mixed with another type
  	GPIO_WriteBit(LCD_RS_PORT, LCD_RS_PIN,0);
..\Utilities\src\lcd.c(60): warning:  #188-D: enumerated type mixed with another type
  	GPIO_WriteBit(LCD_RS_PORT, LCD_RS_PIN,1);
..\Utilities\src\lcd.c(65): warning:  #188-D: enumerated type mixed with another type
  	GPIO_WriteBit(LCD_REST_PORT, LCD_REST_PIN,1);//需要一定的延时，保证初始化进行
..\Utilities\src\lcd.c(67): warning:  #188-D: enumerated type mixed with another type
  	GPIO_WriteBit(LCD_REST_PORT, LCD_REST_PIN,0);
..\Utilities\src\lcd.c(69): warning:  #188-D: enumerated type mixed with another type
  	GPIO_WriteBit(LCD_REST_PORT, LCD_REST_PIN,1);
..\Utilities\src\lcd.c(186): warning:  #188-D: enumerated type mixed with another type
  	GPIO_WriteBit(LCD_RS_PORT, LCD_RS_PIN,1);//标志：数据写入
..\Utilities\src\lcd.c(196): warning:  #188-D: enumerated type mixed with another type
  	GPIO_WriteBit(LCD_RS_PORT, LCD_RS_PIN,1);//标志：数据写入
..\Utilities\src\lcd.c(273): warning:  #188-D: enumerated type mixed with another type
  	GPIO_WriteBit(LCD_RS_PORT, LCD_RS_PIN,1);
..\Utilities\src\lcd.c(275): warning:  #188-D: enumerated type mixed with another type
  	GPIO_WriteBit(LCD_CS_PORT, LCD_CS_PIN,0);//片选，拉低有效
..\Utilities\src\lcd.c(278): warning:  #188-D: enumerated type mixed with another type
  	GPIO_WriteBit(LCD_RD_PORT, LCD_RD_PIN,0);
..\Utilities\src\lcd.c(281): warning:  #188-D: enumerated type mixed with another type
  	GPIO_WriteBit(LCD_RD_PORT, LCD_RD_PIN,1);
..\Utilities\src\lcd.c(284): warning:  #188-D: enumerated type mixed with another type
  	GPIO_WriteBit(LCD_RD_PORT, LCD_RD_PIN,0);
..\Utilities\src\lcd.c(289): warning:  #188-D: enumerated type mixed with another type
  	GPIO_WriteBit(LCD_RD_PORT, LCD_RD_PIN,1);
..\Utilities\src\lcd.c(292): warning:  #188-D: enumerated type mixed with another type
  	GPIO_WriteBit(LCD_RD_PORT, LCD_RD_PIN,0);
..\Utilities\src\lcd.c(296): warning:  #188-D: enumerated type mixed with another type
  	GPIO_WriteBit(LCD_RD_PORT, LCD_RD_PIN,1);
..\Utilities\src\lcd.c(306): warning:  #1-D: last line of file ends without a newline
  }
..\Utilities\src\lcd.c: 26 warnings, 0 errors
compiling usart.c...
..\CMSIS\stm32f10x.h(60): warning:  #47-D: incompatible redefinition of macro "USE_STDPERIPH_DRIVER" 
  #define USE_STDPERIPH_DRIVER    //me
..\Utilities\src\usart.c: 1 warning, 0 errors
compiling stm32f10x_cec.c...
..\CMSIS\stm32f10x.h(60): warning:  #47-D: incompatible redefinition of macro "USE_STDPERIPH_DRIVER" 
  #define USE_STDPERIPH_DRIVER    //me
..\Library\src\stm32f10x_cec.c: 1 warning, 0 errors
compiling stm32f10x_dbgmcu.c...
..\CMSIS\stm32f10x.h(60): warning:  #47-D: incompatible redefinition of macro "USE_STDPERIPH_DRIVER" 
  #define USE_STDPERIPH_DRIVER    //me
..\Library\src\stm32f10x_dbgmcu.c: 1 warning, 0 errors
compiling string.c...
..\CMSIS\stm32f10x.h(60): warning:  #47-D: incompatible redefinition of macro "USE_STDPERIPH_DRIVER" 
  #define USE_STDPERIPH_DRIVER    //me
..\Utilities\inc\string.h(6): warning:  #1-D: last line of file ends without a newline
  #endif 
..\Utilities\src\string.c: 2 warnings, 0 errors
compiling ov7670.c...
..\CMSIS\stm32f10x.h(60): warning:  #47-D: incompatible redefinition of macro "USE_STDPERIPH_DRIVER" 
  #define USE_STDPERIPH_DRIVER    //me
..\Utilities\inc\ov7670.h(8): warning:  #1295-D: Deprecated declaration OV7670_Gpio_Init - give arg types
  void OV7670_Gpio_Init();
..\Utilities\inc\ov7670.h(9): warning:  #1295-D: Deprecated declaration SCCB_SID_change_in - give arg types
  void SCCB_SID_change_in();//引脚切换为输入
..\Utilities\inc\ov7670.h(10): warning:  #1295-D: Deprecated declaration SCCB_SID_change_out - give arg types
  void SCCB_SID_change_out();//引脚切换为输出
..\Utilities\inc\ov7670.h(17): warning:  #1295-D: Deprecated declaration getAck - give arg types
  unsigned char getAck();
..\Utilities\src\ov7670.c(86): warning:  #188-D: enumerated type mixed with another type
  	GPIO_WriteBit(SCCB_SID_PORT, SCCB_SID_PIN, 1);
..\Utilities\src\ov7670.c(87): warning:  #223-D: function "delay" declared implicitly
  	delay(DELAYTIME);
..\Utilities\src\ov7670.c(88): warning:  #188-D: enumerated type mixed with another type
  	GPIO_WriteBit(SCCB_SIC_PORT, SCCB_SIC_PIN, 1);
..\Utilities\src\ov7670.c(90): warning:  #188-D: enumerated type mixed with another type
  	GPIO_WriteBit(SCCB_SID_PORT, SCCB_SID_PIN, 0);
..\Utilities\src\ov7670.c(92): warning:  #188-D: enumerated type mixed with another type
  	GPIO_WriteBit(SCCB_SIC_PORT, SCCB_SIC_PIN, 0);
..\Utilities\src\ov7670.c(98): warning:  #188-D: enumerated type mixed with another type
  	GPIO_WriteBit(SCCB_SID_PORT, SCCB_SID_PIN, 0);
..\Utilities\src\ov7670.c(99): warning:  #223-D: function "delay" declared implicitly
  	delay(DELAYTIME);
..\Utilities\src\ov7670.c(100): warning:  #188-D: enumerated type mixed with another type
  	GPIO_WriteBit(SCCB_SIC_PORT, SCCB_SIC_PIN, 1);
..\Utilities\src\ov7670.c(102): warning:  #188-D: enumerated type mixed with another type
  	GPIO_WriteBit(SCCB_SID_PORT, SCCB_SID_PIN, 1);
..\Utilities\src\ov7670.c(107): warning:  #188-D: enumerated type mixed with another type
  	GPIO_WriteBit(SCCB_SID_PORT, SCCB_SID_PIN, 1);
..\Utilities\src\ov7670.c(108): warning:  #223-D: function "delay" declared implicitly
  	delay(DELAYTIME);
..\Utilities\src\ov7670.c(109): warning:  #188-D: enumerated type mixed with another type
  	GPIO_WriteBit(SCCB_SIC_PORT, SCCB_SIC_PIN, 1);
..\Utilities\src\ov7670.c(111): warning:  #188-D: enumerated type mixed with another type
  	GPIO_WriteBit(SCCB_SIC_PORT, SCCB_SIC_PIN, 0);
..\Utilities\src\ov7670.c(113): warning:  #188-D: enumerated type mixed with another type
  	GPIO_WriteBit(SCCB_SID_PORT, SCCB_SID_PIN, 0);
..\Utilities\src\ov7670.c(121): warning:  #188-D: enumerated type mixed with another type
  	GPIO_WriteBit(SCCB_SID_PORT, SCCB_SID_PIN, 1);
..\Utilities\src\ov7670.c(122): warning:  #223-D: function "delay" declared implicitly
  	delay(DELAYTIME);
..\Utilities\src\ov7670.c(124): warning:  #188-D: enumerated type mixed with another type
  	GPIO_WriteBit(SCCB_SIC_PORT, SCCB_SIC_PIN, 1);
..\Utilities\src\ov7670.c(130): warning:  #188-D: enumerated type mixed with another type
  	GPIO_WriteBit(SCCB_SIC_PORT, SCCB_SIC_PIN, 0);
..\Utilities\src\ov7670.c(134): warning:  #188-D: enumerated type mixed with another type
  	GPIO_WriteBit(SCCB_SID_PORT, SCCB_SID_PIN, 0);
..\Utilities\src\ov7670.c(144): warning:  #188-D: enumerated type mixed with another type
  		GPIO_WriteBit(SCCB_SID_PORT, SCCB_SID_PIN, (((dat<<i)&0x80))>>7);
..\Utilities\src\ov7670.c(145): warning:  #223-D: function "delay" declared implicitly
  		delay(DELAYTIME);
..\Utilities\src\ov7670.c(147): warning:  #188-D: enumerated type mixed with another type
  		GPIO_WriteBit(SCCB_SIC_PORT, SCCB_SIC_PIN, 1);
..\Utilities\src\ov7670.c(150): warning:  #188-D: enumerated type mixed with another type
  		GPIO_WriteBit(SCCB_SIC_PORT, SCCB_SIC_PIN, 0);	 
..\Utilities\src\ov7670.c(153): warning:  #188-D: enumerated type mixed with another type
  	GPIO_WriteBit(SCCB_SID_PORT, SCCB_SID_PIN, 0);
..\Utilities\src\ov7670.c(164): warning:  #188-D: enumerated type mixed with another type
  		GPIO_WriteBit(SCCB_SIC_PORT, SCCB_SIC_PIN, 1);
..\Utilities\src\ov7670.c(165): warning:  #223-D: function "delay" declared implicitly
  		delay(DELAYTIME);
..\Utilities\src\ov7670.c(170): warning:  #188-D: enumerated type mixed with another type
  		GPIO_WriteBit(SCCB_SIC_PORT, SCCB_SIC_PIN, 0);	 
..\Utilities\src\ov7670.c(175): warning:  #188-D: enumerated type mixed with another type
  	GPIO_WriteBit(SCCB_SID_PORT, SCCB_SID_PIN, 0);
..\Utilities\src\ov7670.c: 33 warnings, 0 errors
compiling stm32f10x_gpio.c...
..\CMSIS\stm32f10x.h(60): warning:  #47-D: incompatible redefinition of macro "USE_STDPERIPH_DRIVER" 
  #define USE_STDPERIPH_DRIVER    //me
..\Library\src\stm32f10x_gpio.c: 1 warning, 0 errors
compiling stm32f10x_rcc.c...
..\CMSIS\stm32f10x.h(60): warning:  #47-D: incompatible redefinition of macro "USE_STDPERIPH_DRIVER" 
  #define USE_STDPERIPH_DRIVER    //me
..\Library\src\stm32f10x_rcc.c: 1 warning, 0 errors
compiling stm32f10x_sdio.c...
..\CMSIS\stm32f10x.h(60): warning:  #47-D: incompatible redefinition of macro "USE_STDPERIPH_DRIVER" 
  #define USE_STDPERIPH_DRIVER    //me
..\Library\src\stm32f10x_sdio.c: 1 warning, 0 errors
compiling stm32f10x_exti.c...
..\CMSIS\stm32f10x.h(60): warning:  #47-D: incompatible redefinition of macro "USE_STDPERIPH_DRIVER" 
  #define USE_STDPERIPH_DRIVER    //me
..\Library\src\stm32f10x_exti.c: 1 warning, 0 errors
compiling misc.c...
..\CMSIS\stm32f10x.h(60): warning:  #47-D: incompatible redefinition of macro "USE_STDPERIPH_DRIVER" 
  #define USE_STDPERIPH_DRIVER    //me
..\Library\src\misc.c: 1 warning, 0 errors
compiling stm32f10x_usart.c...
..\CMSIS\stm32f10x.h(60): warning:  #47-D: incompatible redefinition of macro "USE_STDPERIPH_DRIVER" 
  #define USE_STDPERIPH_DRIVER    //me
..\Library\src\stm32f10x_usart.c: 1 warning, 0 errors
compiling core_cm3.c...
compiling system_stm32f10x.c...
..\CMSIS\stm32f10x.h(60): warning:  #47-D: incompatible redefinition of macro "USE_STDPERIPH_DRIVER" 
  #define USE_STDPERIPH_DRIVER    //me
..\CMSIS\system_stm32f10x.c: 1 warning, 0 errors
compiling Common.c...
..\CMSIS\stm32f10x.h(60): warning:  #47-D: incompatible redefinition of macro "USE_STDPERIPH_DRIVER" 
  #define USE_STDPERIPH_DRIVER    //me
..\Common\Common.c: 1 warning, 0 errors
compiling stm32f10x_tim.c...
..\CMSIS\stm32f10x.h(60): warning:  #47-D: incompatible redefinition of macro "USE_STDPERIPH_DRIVER" 
  #define USE_STDPERIPH_DRIVER    //me
..\Library\src\stm32f10x_tim.c: 1 warning, 0 errors
linking...
Program Size: Code=29496 RO-data=2156 RW-data=208 ZI-data=1784  
FromELF: creating hex file...
".\GPIO控制.axf" - 0 Error(s), 112 Warning(s).

<h2>Software Packages used:</h2>

Package Vendor: ARM
                http://www.keil.com/pack/ARM.CMSIS.5.8.0.pack
                ARM.CMSIS.5.8.0
                CMSIS (Common Microcontroller Software Interface Standard)
   * Component: CORE Version: 5.5.0

Package Vendor: Keil
                http://www.keil.com/pack/Keil.STM32F1xx_DFP.2.4.0.pack
                Keil.STM32F1xx_DFP.2.4.0
                STMicroelectronics STM32F1 Series Device Support, Drivers and Examples

<h2>Collection of Component include folders:</h2>
  .\RTE\_Target_1
  D:\Keil5.36\ARM\PACK\ARM\CMSIS\5.8.0\CMSIS\Core\Include
  D:\Keil5.36\ARM\PACK\Keil\STM32F1xx_DFP\2.4.0\Device\Include

<h2>Collection of Component Files used:</h2>

   * Component: ARM::CMSIS:CORE:5.5.0
Build Time Elapsed:  00:00:05
</pre>
</body>
</html>
